
*** Running vivado
    with args -log blk_mem_gen_0.vds -m64 -product Vivado -mode batch -messageDb vivado.pb -notrace -source blk_mem_gen_0.tcl



****** Vivado v2024.2.2 (64-bit)
  **** SW Build 6060944 on Thu Mar 06 19:10:01 MST 2025
  **** IP Build 6050500 on Thu Mar  6 23:33:39 MST 2025
  **** SharedData Build 6060542 on Thu Mar 06 10:31:07 MST 2025
  **** Start of session at: Mon Aug 25 13:24:26 2025
    ** Copyright 1986-2022 Xilinx, Inc. All Rights Reserved.
    ** Copyright 2022-2025 Advanced Micro Devices, Inc. All Rights Reserved.

Sourcing tcl script 'C:/Xilinx/Vivado/2024.2/scripts/Vivado_init.tcl'
0 Beta devices matching pattern found, 0 enabled.
source blk_mem_gen_0.tcl -notrace
INFO: [IP_Flow 19-6924] IPCACHE: Running cache check for IP inst: blk_mem_gen_0
INFO: [IP_Flow 19-6922] IPCACHE: Exporting cached entry b71e2d22ed838533 to dir: D:/Github/8080LCD/8080LCD.runs/blk_mem_gen_0_synth_1
INFO: [IP_Flow 19-6928] IPCACHE: copied cached file d:/Github/8080LCD/8080LCD.cache/ip/2024.2.2/b/7/b71e2d22ed838533/blk_mem_gen_0.dcp to D:/Github/8080LCD/8080LCD.runs/blk_mem_gen_0_synth_1/blk_mem_gen_0.dcp.
INFO: [IP_Flow 19-6928] IPCACHE: copied cached file d:/Github/8080LCD/8080LCD.cache/ip/2024.2.2/b/7/b71e2d22ed838533/blk_mem_gen_0_sim_netlist.v to D:/Github/8080LCD/8080LCD.runs/blk_mem_gen_0_synth_1/blk_mem_gen_0_sim_netlist.v.
INFO: [IP_Flow 19-6928] IPCACHE: copied cached file d:/Github/8080LCD/8080LCD.cache/ip/2024.2.2/b/7/b71e2d22ed838533/blk_mem_gen_0_sim_netlist.vhdl to D:/Github/8080LCD/8080LCD.runs/blk_mem_gen_0_synth_1/blk_mem_gen_0_sim_netlist.vhdl.
INFO: [IP_Flow 19-6928] IPCACHE: copied cached file d:/Github/8080LCD/8080LCD.cache/ip/2024.2.2/b/7/b71e2d22ed838533/blk_mem_gen_0_stub.v to D:/Github/8080LCD/8080LCD.runs/blk_mem_gen_0_synth_1/blk_mem_gen_0_stub.v.
INFO: [IP_Flow 19-6928] IPCACHE: copied cached file d:/Github/8080LCD/8080LCD.cache/ip/2024.2.2/b/7/b71e2d22ed838533/blk_mem_gen_0_stub.vhdl to D:/Github/8080LCD/8080LCD.runs/blk_mem_gen_0_synth_1/blk_mem_gen_0_stub.vhdl.
INFO: [IP_Flow 19-4838] Using cached IP synthesis design for IP blk_mem_gen_0, cache-ID = b71e2d22ed838533.
INFO: [Common 17-206] Exiting Vivado at Mon Aug 25 13:24:35 2025...
