#-----------------------------------------------------------
# Vivado v2024.2.2 (64-bit)
# SW Build 6060944 on Thu Mar 06 19:10:01 MST 2025
# IP Build 6050500 on Thu Mar  6 23:33:39 MST 2025
# SharedData Build 6060542 on Thu Mar 06 10:31:07 MST 2025
# Start of session at: Fri Sep 26 09:17:22 2025
# Process ID         : 10664
# Current directory  : D:/Github/8080LCD/8080LCD.runs/blk_mem_gen_0_synth_1
# Command line       : vivado.exe -log blk_mem_gen_0.vds -product Vivado -mode batch -messageDb vivado.pb -notrace -source blk_mem_gen_0.tcl
# Log file           : D:/Github/8080LCD/8080LCD.runs/blk_mem_gen_0_synth_1/blk_mem_gen_0.vds
# Journal file       : D:/Github/8080LCD/8080LCD.runs/blk_mem_gen_0_synth_1\vivado.jou
# Running On         : DESKTOP-H05VBGI
# Platform           : Windows Server 2016 or Windows 10
# Operating System   : 19045
# Processor Detail   : AMD A8-3850 APU with Radeon(tm) HD Graphics
# CPU Frequency      : 2900 MHz
# CPU Physical cores : 4
# CPU Logical cores  : 4
# Host memory        : 17156 MB
# Swap memory        : 2550 MB
# Total Virtual      : 19706 MB
# Available Virtual  : 12384 MB
#-----------------------------------------------------------
source blk_mem_gen_0.tcl -notrace
