#-----------------------------------------------------------
# Vivado v2024.2.2 (64-bit)
# SW Build 6060944 on Thu Mar 06 19:10:01 MST 2025
# IP Build 6050500 on Thu Mar  6 23:33:39 MST 2025
# SharedData Build 6060542 on Thu Mar 06 10:31:07 MST 2025
# Start of session at: Sun Sep  7 21:58:16 2025
# Process ID         : 3092
# Current directory  : D:/Xilinx/Projects/8080LCD/8080LCD.runs/blk_mem_gen_0_synth_1
# Command line       : vivado.exe -log blk_mem_gen_0.vds -product Vivado -mode batch -messageDb vivado.pb -notrace -source blk_mem_gen_0.tcl
# Log file           : D:/Xilinx/Projects/8080LCD/8080LCD.runs/blk_mem_gen_0_synth_1/blk_mem_gen_0.vds
# Journal file       : D:/Xilinx/Projects/8080LCD/8080LCD.runs/blk_mem_gen_0_synth_1\vivado.jou
# Running On         : LAPTOP-7GKHMVFU
# Platform           : Windows Server 2016 or Windows 10
# Operating System   : 26100
# Processor Detail   : AMD Ryzen 7 4800HS with Radeon Graphics         
# CPU Frequency      : 2895 MHz
# CPU Physical cores : 8
# CPU Logical cores  : 16
# Host memory        : 33736 MB
# Swap memory        : 2147 MB
# Total Virtual      : 35883 MB
# Available Virtual  : 15895 MB
#-----------------------------------------------------------
source blk_mem_gen_0.tcl -notrace
