
*** Running vivado
    with args -log top_level.vdi -applog -m64 -product Vivado -messageDb vivado.pb -mode batch -source top_level.tcl -notrace



****** Vivado v2024.2.2 (64-bit)
  **** SW Build 6060944 on Thu Mar 06 19:10:01 MST 2025
  **** IP Build 6050500 on Thu Mar  6 23:33:39 MST 2025
  **** SharedData Build 6060542 on Thu Mar 06 10:31:07 MST 2025
  **** Start of session at: Sun May 24 23:04:25 2026
    ** Copyright 1986-2022 Xilinx, Inc. All Rights Reserved.
    ** Copyright 2022-2025 Advanced Micro Devices, Inc. All Rights Reserved.

source top_level.tcl -notrace
Command: link_design -top top_level -part xc7a35tcsg325-1
Design is defaulting to srcset: sources_1
Design is defaulting to constrset: constrs_1
INFO: [Device 21-403] Loading part xc7a35tcsg325-1
INFO: [Project 1-454] Reading design checkpoint 'D:/WORK/Project/8080LCD/8080LCD.runs/impl_1/.Xil/Vivado-15252-A8/clk_wiz_1/clk_wiz_1.dcp' for cell 'main_clk_pll'
Netlist sorting complete. Time (s): cpu = 00:00:00 ; elapsed = 00:00:00.013 . Memory (MB): peak = 545.691 ; gain = 0.000
INFO: [Netlist 29-17] Analyzing 357 Unisim elements for replacement
INFO: [Netlist 29-28] Unisim Transformation completed in 0 CPU seconds
INFO: [Project 1-479] Netlist was created with Vivado 2024.2.2
INFO: [Project 1-570] Preparing netlist for logic optimization
CRITICAL WARNING: [Designutils 20-1280] Could not find module 'clk_wiz_0'. The XDC file d:/WORK/Project/8080LCD/8080LCD.srcs/sources_1/ip/clk_wiz_0/clk_wiz_0_board.xdc will not be read for any cell of this module.
CRITICAL WARNING: [Designutils 20-1280] Could not find module 'clk_wiz_0'. The XDC file d:/WORK/Project/8080LCD/8080LCD.srcs/sources_1/ip/clk_wiz_0/clk_wiz_0.xdc will not be read for any cell of this module.
CRITICAL WARNING: [Designutils 20-1280] Could not find module 'clk_wiz_2'. The XDC file d:/WORK/Project/8080LCD/8080LCD.srcs/sources_1/ip/clk_wiz_2/clk_wiz_2_board.xdc will not be read for any cell of this module.
CRITICAL WARNING: [Designutils 20-1280] Could not find module 'clk_wiz_2'. The XDC file d:/WORK/Project/8080LCD/8080LCD.srcs/sources_1/ip/clk_wiz_2/clk_wiz_2.xdc will not be read for any cell of this module.
Parsing XDC File [d:/WORK/Project/8080LCD/8080LCD.srcs/sources_1/ip/clk_wiz_1/clk_wiz_1_board.xdc] for cell 'main_clk_pll/inst'
Finished Parsing XDC File [d:/WORK/Project/8080LCD/8080LCD.srcs/sources_1/ip/clk_wiz_1/clk_wiz_1_board.xdc] for cell 'main_clk_pll/inst'
Parsing XDC File [d:/WORK/Project/8080LCD/8080LCD.srcs/sources_1/ip/clk_wiz_1/clk_wiz_1.xdc] for cell 'main_clk_pll/inst'
INFO: [Timing 38-35] Done setting XDC timing constraints. [d:/WORK/Project/8080LCD/8080LCD.srcs/sources_1/ip/clk_wiz_1/clk_wiz_1.xdc:54]
INFO: [Timing 38-2] Deriving generated clocks [d:/WORK/Project/8080LCD/8080LCD.srcs/sources_1/ip/clk_wiz_1/clk_wiz_1.xdc:54]
Finished Parsing XDC File [d:/WORK/Project/8080LCD/8080LCD.srcs/sources_1/ip/clk_wiz_1/clk_wiz_1.xdc] for cell 'main_clk_pll/inst'
Parsing XDC File [D:/WORK/Project/8080LCD/8080LCD.srcs/constrs_1/new/lcd.xdc]
WARNING: [Vivado 12-584] No ports matched 'led_2'. [D:/WORK/Project/8080LCD/8080LCD.srcs/constrs_1/new/lcd.xdc:6]
CRITICAL WARNING: [Common 17-55] 'set_property' expects at least one object. [D:/WORK/Project/8080LCD/8080LCD.srcs/constrs_1/new/lcd.xdc:6]
Resolution: If [get_<value>] was used to populate the object, check to make sure this command returns at least one valid object.
WARNING: [Vivado 12-584] No ports matched 'led_2'. [D:/WORK/Project/8080LCD/8080LCD.srcs/constrs_1/new/lcd.xdc:7]
CRITICAL WARNING: [Common 17-55] 'set_property' expects at least one object. [D:/WORK/Project/8080LCD/8080LCD.srcs/constrs_1/new/lcd.xdc:7]
Resolution: If [get_<value>] was used to populate the object, check to make sure this command returns at least one valid object.
WARNING: [Vivado 12-584] No ports matched 'la_out[0]'. [D:/WORK/Project/8080LCD/8080LCD.srcs/constrs_1/new/lcd.xdc:90]
CRITICAL WARNING: [Common 17-55] 'set_property' expects at least one object. [D:/WORK/Project/8080LCD/8080LCD.srcs/constrs_1/new/lcd.xdc:90]
Resolution: If [get_<value>] was used to populate the object, check to make sure this command returns at least one valid object.
WARNING: [Vivado 12-584] No ports matched 'la_out[0]'. [D:/WORK/Project/8080LCD/8080LCD.srcs/constrs_1/new/lcd.xdc:91]
CRITICAL WARNING: [Common 17-55] 'set_property' expects at least one object. [D:/WORK/Project/8080LCD/8080LCD.srcs/constrs_1/new/lcd.xdc:91]
Resolution: If [get_<value>] was used to populate the object, check to make sure this command returns at least one valid object.
WARNING: [Vivado 12-584] No ports matched 'la_out[1]'. [D:/WORK/Project/8080LCD/8080LCD.srcs/constrs_1/new/lcd.xdc:92]
CRITICAL WARNING: [Common 17-55] 'set_property' expects at least one object. [D:/WORK/Project/8080LCD/8080LCD.srcs/constrs_1/new/lcd.xdc:92]
Resolution: If [get_<value>] was used to populate the object, check to make sure this command returns at least one valid object.
WARNING: [Vivado 12-584] No ports matched 'la_out[1]'. [D:/WORK/Project/8080LCD/8080LCD.srcs/constrs_1/new/lcd.xdc:93]
CRITICAL WARNING: [Common 17-55] 'set_property' expects at least one object. [D:/WORK/Project/8080LCD/8080LCD.srcs/constrs_1/new/lcd.xdc:93]
Resolution: If [get_<value>] was used to populate the object, check to make sure this command returns at least one valid object.
WARNING: [Vivado 12-584] No ports matched 'la_out[2]'. [D:/WORK/Project/8080LCD/8080LCD.srcs/constrs_1/new/lcd.xdc:94]
CRITICAL WARNING: [Common 17-55] 'set_property' expects at least one object. [D:/WORK/Project/8080LCD/8080LCD.srcs/constrs_1/new/lcd.xdc:94]
Resolution: If [get_<value>] was used to populate the object, check to make sure this command returns at least one valid object.
WARNING: [Vivado 12-584] No ports matched 'la_out[2]'. [D:/WORK/Project/8080LCD/8080LCD.srcs/constrs_1/new/lcd.xdc:95]
CRITICAL WARNING: [Common 17-55] 'set_property' expects at least one object. [D:/WORK/Project/8080LCD/8080LCD.srcs/constrs_1/new/lcd.xdc:95]
Resolution: If [get_<value>] was used to populate the object, check to make sure this command returns at least one valid object.
WARNING: [Vivado 12-584] No ports matched 'la_out[3]'. [D:/WORK/Project/8080LCD/8080LCD.srcs/constrs_1/new/lcd.xdc:96]
CRITICAL WARNING: [Common 17-55] 'set_property' expects at least one object. [D:/WORK/Project/8080LCD/8080LCD.srcs/constrs_1/new/lcd.xdc:96]
Resolution: If [get_<value>] was used to populate the object, check to make sure this command returns at least one valid object.
WARNING: [Vivado 12-584] No ports matched 'la_out[3]'. [D:/WORK/Project/8080LCD/8080LCD.srcs/constrs_1/new/lcd.xdc:97]
CRITICAL WARNING: [Common 17-55] 'set_property' expects at least one object. [D:/WORK/Project/8080LCD/8080LCD.srcs/constrs_1/new/lcd.xdc:97]
Resolution: If [get_<value>] was used to populate the object, check to make sure this command returns at least one valid object.
WARNING: [Vivado 12-584] No ports matched 'la_out[4]'. [D:/WORK/Project/8080LCD/8080LCD.srcs/constrs_1/new/lcd.xdc:98]
CRITICAL WARNING: [Common 17-55] 'set_property' expects at least one object. [D:/WORK/Project/8080LCD/8080LCD.srcs/constrs_1/new/lcd.xdc:98]
Resolution: If [get_<value>] was used to populate the object, check to make sure this command returns at least one valid object.
WARNING: [Vivado 12-584] No ports matched 'la_out[4]'. [D:/WORK/Project/8080LCD/8080LCD.srcs/constrs_1/new/lcd.xdc:99]
CRITICAL WARNING: [Common 17-55] 'set_property' expects at least one object. [D:/WORK/Project/8080LCD/8080LCD.srcs/constrs_1/new/lcd.xdc:99]
Resolution: If [get_<value>] was used to populate the object, check to make sure this command returns at least one valid object.
WARNING: [Vivado 12-584] No ports matched 'la_out[5]'. [D:/WORK/Project/8080LCD/8080LCD.srcs/constrs_1/new/lcd.xdc:100]
CRITICAL WARNING: [Common 17-55] 'set_property' expects at least one object. [D:/WORK/Project/8080LCD/8080LCD.srcs/constrs_1/new/lcd.xdc:100]
Resolution: If [get_<value>] was used to populate the object, check to make sure this command returns at least one valid object.
WARNING: [Vivado 12-584] No ports matched 'la_out[5]'. [D:/WORK/Project/8080LCD/8080LCD.srcs/constrs_1/new/lcd.xdc:101]
CRITICAL WARNING: [Common 17-55] 'set_property' expects at least one object. [D:/WORK/Project/8080LCD/8080LCD.srcs/constrs_1/new/lcd.xdc:101]
Resolution: If [get_<value>] was used to populate the object, check to make sure this command returns at least one valid object.
WARNING: [Vivado 12-584] No ports matched 'la_out[6]'. [D:/WORK/Project/8080LCD/8080LCD.srcs/constrs_1/new/lcd.xdc:102]
CRITICAL WARNING: [Common 17-55] 'set_property' expects at least one object. [D:/WORK/Project/8080LCD/8080LCD.srcs/constrs_1/new/lcd.xdc:102]
Resolution: If [get_<value>] was used to populate the object, check to make sure this command returns at least one valid object.
WARNING: [Vivado 12-584] No ports matched 'la_out[6]'. [D:/WORK/Project/8080LCD/8080LCD.srcs/constrs_1/new/lcd.xdc:103]
CRITICAL WARNING: [Common 17-55] 'set_property' expects at least one object. [D:/WORK/Project/8080LCD/8080LCD.srcs/constrs_1/new/lcd.xdc:103]
Resolution: If [get_<value>] was used to populate the object, check to make sure this command returns at least one valid object.
WARNING: [Vivado 12-584] No ports matched 'la_out[7]'. [D:/WORK/Project/8080LCD/8080LCD.srcs/constrs_1/new/lcd.xdc:104]
CRITICAL WARNING: [Common 17-55] 'set_property' expects at least one object. [D:/WORK/Project/8080LCD/8080LCD.srcs/constrs_1/new/lcd.xdc:104]
Resolution: If [get_<value>] was used to populate the object, check to make sure this command returns at least one valid object.
WARNING: [Vivado 12-584] No ports matched 'la_out[7]'. [D:/WORK/Project/8080LCD/8080LCD.srcs/constrs_1/new/lcd.xdc:105]
CRITICAL WARNING: [Common 17-55] 'set_property' expects at least one object. [D:/WORK/Project/8080LCD/8080LCD.srcs/constrs_1/new/lcd.xdc:105]
Resolution: If [get_<value>] was used to populate the object, check to make sure this command returns at least one valid object.
WARNING: [Vivado 12-584] No ports matched 'spi_mosi'. [D:/WORK/Project/8080LCD/8080LCD.srcs/constrs_1/new/lcd.xdc:127]
CRITICAL WARNING: [Common 17-55] 'set_property' expects at least one object. [D:/WORK/Project/8080LCD/8080LCD.srcs/constrs_1/new/lcd.xdc:127]
Resolution: If [get_<value>] was used to populate the object, check to make sure this command returns at least one valid object.
WARNING: [Vivado 12-584] No ports matched 'spi_mosi'. [D:/WORK/Project/8080LCD/8080LCD.srcs/constrs_1/new/lcd.xdc:128]
CRITICAL WARNING: [Common 17-55] 'set_property' expects at least one object. [D:/WORK/Project/8080LCD/8080LCD.srcs/constrs_1/new/lcd.xdc:128]
Resolution: If [get_<value>] was used to populate the object, check to make sure this command returns at least one valid object.
WARNING: [Vivado 12-584] No ports matched 'spi_miso'. [D:/WORK/Project/8080LCD/8080LCD.srcs/constrs_1/new/lcd.xdc:129]
CRITICAL WARNING: [Common 17-55] 'set_property' expects at least one object. [D:/WORK/Project/8080LCD/8080LCD.srcs/constrs_1/new/lcd.xdc:129]
Resolution: If [get_<value>] was used to populate the object, check to make sure this command returns at least one valid object.
WARNING: [Vivado 12-584] No ports matched 'spi_miso'. [D:/WORK/Project/8080LCD/8080LCD.srcs/constrs_1/new/lcd.xdc:130]
CRITICAL WARNING: [Common 17-55] 'set_property' expects at least one object. [D:/WORK/Project/8080LCD/8080LCD.srcs/constrs_1/new/lcd.xdc:130]
Resolution: If [get_<value>] was used to populate the object, check to make sure this command returns at least one valid object.
WARNING: [Vivado 12-584] No ports matched 'SDCLK0'. [D:/WORK/Project/8080LCD/8080LCD.srcs/constrs_1/new/lcd.xdc:147]
CRITICAL WARNING: [Common 17-55] 'set_property' expects at least one object. [D:/WORK/Project/8080LCD/8080LCD.srcs/constrs_1/new/lcd.xdc:147]
Resolution: If [get_<value>] was used to populate the object, check to make sure this command returns at least one valid object.
WARNING: [Vivado 12-584] No ports matched 'SDCLK0'. [D:/WORK/Project/8080LCD/8080LCD.srcs/constrs_1/new/lcd.xdc:148]
CRITICAL WARNING: [Common 17-55] 'set_property' expects at least one object. [D:/WORK/Project/8080LCD/8080LCD.srcs/constrs_1/new/lcd.xdc:148]
Resolution: If [get_<value>] was used to populate the object, check to make sure this command returns at least one valid object.
WARNING: [Vivado 12-584] No ports matched 'SDCS0'. [D:/WORK/Project/8080LCD/8080LCD.srcs/constrs_1/new/lcd.xdc:163]
CRITICAL WARNING: [Common 17-55] 'set_property' expects at least one object. [D:/WORK/Project/8080LCD/8080LCD.srcs/constrs_1/new/lcd.xdc:163]
Resolution: If [get_<value>] was used to populate the object, check to make sure this command returns at least one valid object.
WARNING: [Vivado 12-584] No ports matched 'SDCS0'. [D:/WORK/Project/8080LCD/8080LCD.srcs/constrs_1/new/lcd.xdc:164]
CRITICAL WARNING: [Common 17-55] 'set_property' expects at least one object. [D:/WORK/Project/8080LCD/8080LCD.srcs/constrs_1/new/lcd.xdc:164]
Resolution: If [get_<value>] was used to populate the object, check to make sure this command returns at least one valid object.
Finished Parsing XDC File [D:/WORK/Project/8080LCD/8080LCD.srcs/constrs_1/new/lcd.xdc]
INFO: [Opt 31-138] Pushed 0 inverter(s) to 0 load pin(s).
Netlist sorting complete. Time (s): cpu = 00:00:00 ; elapsed = 00:00:00 . Memory (MB): peak = 1210.637 ; gain = 0.000
INFO: [Project 1-111] Unisim Transformation Summary:
No Unisim elements were transformed.

10 Infos, 26 Warnings, 30 Critical Warnings and 0 Errors encountered.
link_design completed successfully
link_design: Time (s): cpu = 00:00:06 ; elapsed = 00:00:07 . Memory (MB): peak = 1210.637 ; gain = 873.258
Command: opt_design
Attempting to get a license for feature 'Implementation' and/or device 'xc7a35t'
INFO: [Common 17-349] Got license for feature 'Implementation' and/or device 'xc7a35t'
Running DRC as a precondition to command opt_design

Starting DRC Task
INFO: [DRC 23-27] Running DRC with 2 threads
INFO: [Project 1-461] DRC finished with 0 Errors
INFO: [Project 1-462] Please refer to the DRC report (report_drc) for more information.

Time (s): cpu = 00:00:02 ; elapsed = 00:00:00.873 . Memory (MB): peak = 1210.637 ; gain = 0.000

Starting Cache Timing Information Task
INFO: [Timing 38-35] Done setting XDC timing constraints.
Ending Cache Timing Information Task | Checksum: 218d52389

Time (s): cpu = 00:00:00 ; elapsed = 00:00:00.083 . Memory (MB): peak = 1244.703 ; gain = 34.066

Starting Logic Optimization Task

Phase 1 Initialization

Phase 1.1 Core Generation And Design Setup
Phase 1.1 Core Generation And Design Setup | Checksum: 218d52389

Time (s): cpu = 00:00:00 ; elapsed = 00:00:00.003 . Memory (MB): peak = 1636.102 ; gain = 0.000

Phase 1.2 Setup Constraints And Sort Netlist
Phase 1.2 Setup Constraints And Sort Netlist | Checksum: 218d52389

Time (s): cpu = 00:00:00 ; elapsed = 00:00:00.005 . Memory (MB): peak = 1636.102 ; gain = 0.000
Phase 1 Initialization | Checksum: 218d52389

Time (s): cpu = 00:00:00 ; elapsed = 00:00:00.005 . Memory (MB): peak = 1636.102 ; gain = 0.000

Phase 2 Timer Update And Timing Data Collection

Phase 2.1 Timer Update
Phase 2.1 Timer Update | Checksum: 218d52389

Time (s): cpu = 00:00:00 ; elapsed = 00:00:00.048 . Memory (MB): peak = 1636.102 ; gain = 0.000

Phase 2.2 Timing Data Collection
Phase 2.2 Timing Data Collection | Checksum: 218d52389

Time (s): cpu = 00:00:00 ; elapsed = 00:00:00.053 . Memory (MB): peak = 1636.102 ; gain = 0.000
Phase 2 Timer Update And Timing Data Collection | Checksum: 218d52389

Time (s): cpu = 00:00:00 ; elapsed = 00:00:00.054 . Memory (MB): peak = 1636.102 ; gain = 0.000

Phase 3 Retarget
INFO: [Opt 31-1851] Number of loadless carry chains removed were: 0
INFO: [Opt 31-1834] Total Chains To Be Transformed Were: 0 AND Number of Transformed insts Created are: 0
INFO: [Opt 31-138] Pushed 1 inverter(s) to 1 load pin(s).
INFO: [Opt 31-49] Retargeted 0 cell(s).
Phase 3 Retarget | Checksum: 2baf54741

Time (s): cpu = 00:00:00 ; elapsed = 00:00:00.077 . Memory (MB): peak = 1636.102 ; gain = 0.000
Retarget | Checksum: 2baf54741
INFO: [Opt 31-389] Phase Retarget created 0 cells and removed 1 cells
INFO: [Opt 31-1021] In phase Retarget, 1 netlist objects are constrained preventing optimization. Please run opt_design with -debug_log to get more detail. 

Phase 4 Constant propagation
INFO: [Opt 31-138] Pushed 0 inverter(s) to 0 load pin(s).
Phase 4 Constant propagation | Checksum: 24b6b7463

Time (s): cpu = 00:00:00 ; elapsed = 00:00:00.093 . Memory (MB): peak = 1636.102 ; gain = 0.000
Constant propagation | Checksum: 24b6b7463
INFO: [Opt 31-389] Phase Constant propagation created 0 cells and removed 0 cells

Phase 5 Sweep
INFO: [Constraints 18-11670] Building netlist checker database with flags, 0x8
Done building netlist checker database: Time (s): cpu = 00:00:00 ; elapsed = 00:00:00 . Memory (MB): peak = 1636.102 ; gain = 0.000
INFO: [Constraints 18-11670] Building netlist checker database with flags, 0x8
Done building netlist checker database: Time (s): cpu = 00:00:00 ; elapsed = 00:00:00.001 . Memory (MB): peak = 1636.102 ; gain = 0.000
Phase 5 Sweep | Checksum: 2810ac5df

Time (s): cpu = 00:00:01 ; elapsed = 00:00:00.118 . Memory (MB): peak = 1636.102 ; gain = 0.000
Sweep | Checksum: 2810ac5df
INFO: [Opt 31-389] Phase Sweep created 0 cells and removed 0 cells

Phase 6 BUFG optimization
Phase 6 BUFG optimization | Checksum: 2810ac5df

Time (s): cpu = 00:00:01 ; elapsed = 00:00:00.156 . Memory (MB): peak = 1636.102 ; gain = 0.000
BUFG optimization | Checksum: 2810ac5df
INFO: [Opt 31-662] Phase BUFG optimization created 0 cells of which 0 are BUFGs and removed 0 cells.

Phase 7 Shift Register Optimization
INFO: [Opt 31-1064] SRL Remap converted 0 SRLs to 0 registers and converted 0 registers of register chains to 0 SRLs
Phase 7 Shift Register Optimization | Checksum: 2810ac5df

Time (s): cpu = 00:00:01 ; elapsed = 00:00:00.159 . Memory (MB): peak = 1636.102 ; gain = 0.000
Shift Register Optimization | Checksum: 2810ac5df
INFO: [Opt 31-389] Phase Shift Register Optimization created 0 cells and removed 0 cells

Phase 8 Post Processing Netlist
Phase 8 Post Processing Netlist | Checksum: 2810ac5df

Time (s): cpu = 00:00:01 ; elapsed = 00:00:00.164 . Memory (MB): peak = 1636.102 ; gain = 0.000
Post Processing Netlist | Checksum: 2810ac5df
INFO: [Opt 31-389] Phase Post Processing Netlist created 0 cells and removed 0 cells

Phase 9 Finalization

Phase 9.1 Finalizing Design Cores and Updating Shapes
Phase 9.1 Finalizing Design Cores and Updating Shapes | Checksum: 27b7e6988

Time (s): cpu = 00:00:01 ; elapsed = 00:00:00.210 . Memory (MB): peak = 1636.102 ; gain = 0.000

Phase 9.2 Verifying Netlist Connectivity

Starting Connectivity Check Task

Time (s): cpu = 00:00:00 ; elapsed = 00:00:00.007 . Memory (MB): peak = 1636.102 ; gain = 0.000
Phase 9.2 Verifying Netlist Connectivity | Checksum: 27b7e6988

Time (s): cpu = 00:00:01 ; elapsed = 00:00:00.219 . Memory (MB): peak = 1636.102 ; gain = 0.000
Phase 9 Finalization | Checksum: 27b7e6988

Time (s): cpu = 00:00:01 ; elapsed = 00:00:00.220 . Memory (MB): peak = 1636.102 ; gain = 0.000
Opt_design Change Summary
=========================


-------------------------------------------------------------------------------------------------------------------------
|  Phase                        |  #Cells created  |  #Cells Removed  |  #Constrained objects preventing optimizations  |
-------------------------------------------------------------------------------------------------------------------------
|  Retarget                     |               0  |               1  |                                              1  |
|  Constant propagation         |               0  |               0  |                                              0  |
|  Sweep                        |               0  |               0  |                                              0  |
|  BUFG optimization            |               0  |               0  |                                              0  |
|  Shift Register Optimization  |               0  |               0  |                                              0  |
|  Post Processing Netlist      |               0  |               0  |                                              0  |
-------------------------------------------------------------------------------------------------------------------------


Ending Logic Optimization Task | Checksum: 27b7e6988

Time (s): cpu = 00:00:01 ; elapsed = 00:00:00.221 . Memory (MB): peak = 1636.102 ; gain = 0.000

Starting Power Optimization Task
INFO: [Pwropt 34-132] Skipping clock gating for clocks with a period < 2.00 ns.
INFO: [Timing 38-35] Done setting XDC timing constraints.
Running Vector-less Activity Propagation...
INFO: [Pwropt 34-9] Applying IDT optimizations ...
INFO: [Pwropt 34-10] Applying ODC optimizations ...

Finished Running Vector-less Activity Propagation


Starting PowerOpt Patch Enables Task
INFO: [Pwropt 34-162] WRITE_MODE attribute of 0 BRAM(s) out of a total of 10 has been updated to save power. Run report_power_opt to get a complete listing of the BRAMs updated.
INFO: [Pwropt 34-201] Structural ODC has moved 0 WE to EN ports
Number of BRAM Ports augmented: 7 newly gated: 0 Total Ports: 20
Number of Flops added for Enable Generation: 5

Ending PowerOpt Patch Enables Task | Checksum: 2e7fd7283

Time (s): cpu = 00:00:00 ; elapsed = 00:00:00.033 . Memory (MB): peak = 1748.535 ; gain = 0.000
Ending Power Optimization Task | Checksum: 2e7fd7283

Time (s): cpu = 00:00:01 ; elapsed = 00:00:00.913 . Memory (MB): peak = 1748.535 ; gain = 112.434

Starting Final Cleanup Task

Starting Logic Optimization Task
INFO: [Timing 38-35] Done setting XDC timing constraints.
Ending Logic Optimization Task | Checksum: 205708d34

Time (s): cpu = 00:00:01 ; elapsed = 00:00:00.180 . Memory (MB): peak = 1748.535 ; gain = 0.000
Ending Final Cleanup Task | Checksum: 205708d34

Time (s): cpu = 00:00:03 ; elapsed = 00:00:03 . Memory (MB): peak = 1748.535 ; gain = 0.000

Starting Netlist Obfuscation Task
Netlist sorting complete. Time (s): cpu = 00:00:00 ; elapsed = 00:00:00.001 . Memory (MB): peak = 1748.535 ; gain = 0.000
Ending Netlist Obfuscation Task | Checksum: 205708d34

Time (s): cpu = 00:00:00 ; elapsed = 00:00:00.001 . Memory (MB): peak = 1748.535 ; gain = 0.000
INFO: [Common 17-83] Releasing license: Implementation
38 Infos, 26 Warnings, 30 Critical Warnings and 0 Errors encountered.
opt_design completed successfully
opt_design: Time (s): cpu = 00:00:09 ; elapsed = 00:00:07 . Memory (MB): peak = 1748.535 ; gain = 537.898
INFO: [Vivado 12-24828] Executing command : report_drc -file top_level_drc_opted.rpt -pb top_level_drc_opted.pb -rpx top_level_drc_opted.rpx
Command: report_drc -file top_level_drc_opted.rpt -pb top_level_drc_opted.pb -rpx top_level_drc_opted.rpx
INFO: [IP_Flow 19-1839] IP Catalog is up to date.
INFO: [DRC 23-27] Running DRC with 2 threads
INFO: [Vivado_Tcl 2-168] The results of DRC are in file D:/WORK/Project/8080LCD/8080LCD.runs/impl_1/top_level_drc_opted.rpt.
report_drc completed successfully
INFO: [Timing 38-35] Done setting XDC timing constraints.
INFO: [Timing 38-480] Writing timing data to binary archive.
Write ShapeDB Complete: Time (s): cpu = 00:00:00 ; elapsed = 00:00:00.005 . Memory (MB): peak = 1748.535 ; gain = 0.000
Wrote PlaceDB: Time (s): cpu = 00:00:00 ; elapsed = 00:00:00.004 . Memory (MB): peak = 1748.535 ; gain = 0.000
Wrote PulsedLatchDB: Time (s): cpu = 00:00:00 ; elapsed = 00:00:00.001 . Memory (MB): peak = 1748.535 ; gain = 0.000
Writing XDEF routing.
Writing XDEF routing logical nets.
Writing XDEF routing special nets.
Wrote RouteStorage: Time (s): cpu = 00:00:00 ; elapsed = 00:00:00.012 . Memory (MB): peak = 1748.535 ; gain = 0.000
Wrote Netlist Cache: Time (s): cpu = 00:00:00 ; elapsed = 00:00:00 . Memory (MB): peak = 1748.535 ; gain = 0.000
Wrote Device Cache: Time (s): cpu = 00:00:00 ; elapsed = 00:00:00.004 . Memory (MB): peak = 1748.535 ; gain = 0.000
Write Physdb Complete: Time (s): cpu = 00:00:00 ; elapsed = 00:00:00.023 . Memory (MB): peak = 1748.535 ; gain = 0.000
INFO: [Common 17-1381] The checkpoint 'D:/WORK/Project/8080LCD/8080LCD.runs/impl_1/top_level_opt.dcp' has been generated.
Command: place_design
Attempting to get a license for feature 'Implementation' and/or device 'xc7a35t'
INFO: [Common 17-349] Got license for feature 'Implementation' and/or device 'xc7a35t'
INFO: [Common 17-83] Releasing license: Implementation
INFO: [DRC 23-27] Running DRC with 2 threads
INFO: [Vivado_Tcl 4-198] DRC finished with 0 Errors
INFO: [Vivado_Tcl 4-199] Please refer to the DRC report (report_drc) for more information.
Running DRC as a precondition to command place_design
INFO: [DRC 23-27] Running DRC with 2 threads
INFO: [Vivado_Tcl 4-198] DRC finished with 0 Errors, 39 Warnings
INFO: [Vivado_Tcl 4-199] Please refer to the DRC report (report_drc) for more information.
INFO: [Place 30-611] Multithreading enabled for place_design using a maximum of 2 CPUs

Starting Placer Task

Phase 1 Placer Initialization

Phase 1.1 Placer Initialization Netlist Sorting
Netlist sorting complete. Time (s): cpu = 00:00:00 ; elapsed = 00:00:00.001 . Memory (MB): peak = 1748.535 ; gain = 0.000
Phase 1.1 Placer Initialization Netlist Sorting | Checksum: 18555df6f

Time (s): cpu = 00:00:00 ; elapsed = 00:00:00.002 . Memory (MB): peak = 1748.535 ; gain = 0.000
Netlist sorting complete. Time (s): cpu = 00:00:00 ; elapsed = 00:00:00.001 . Memory (MB): peak = 1748.535 ; gain = 0.000

Phase 1.2 IO Placement/ Clock Placement/ Build Placer Device
Phase 1.2 IO Placement/ Clock Placement/ Build Placer Device | Checksum: 1c8fb80c4

Time (s): cpu = 00:00:00 ; elapsed = 00:00:00.110 . Memory (MB): peak = 1748.535 ; gain = 0.000

Phase 1.3 Build Placer Netlist Model
Phase 1.3 Build Placer Netlist Model | Checksum: 2a70d0294

Time (s): cpu = 00:00:01 ; elapsed = 00:00:00.469 . Memory (MB): peak = 1748.535 ; gain = 0.000

Phase 1.4 Constrain Clocks/Macros
Phase 1.4 Constrain Clocks/Macros | Checksum: 2a70d0294

Time (s): cpu = 00:00:01 ; elapsed = 00:00:00.473 . Memory (MB): peak = 1748.535 ; gain = 0.000
Phase 1 Placer Initialization | Checksum: 2a70d0294

Time (s): cpu = 00:00:01 ; elapsed = 00:00:00.481 . Memory (MB): peak = 1748.535 ; gain = 0.000

Phase 2 Global Placement

Phase 2.1 Floorplanning
Phase 2.1 Floorplanning | Checksum: 25daf10d9

Time (s): cpu = 00:00:01 ; elapsed = 00:00:00.656 . Memory (MB): peak = 1748.535 ; gain = 0.000

Phase 2.2 Update Timing before SLR Path Opt
Phase 2.2 Update Timing before SLR Path Opt | Checksum: 255ab00b9

Time (s): cpu = 00:00:01 ; elapsed = 00:00:00.772 . Memory (MB): peak = 1748.535 ; gain = 0.000

Phase 2.3 Post-Processing in Floorplanning
Phase 2.3 Post-Processing in Floorplanning | Checksum: 255ab00b9

Time (s): cpu = 00:00:01 ; elapsed = 00:00:00.778 . Memory (MB): peak = 1748.535 ; gain = 0.000

Phase 2.4 Global Place Phase1
Phase 2.4 Global Place Phase1 | Checksum: 317e6c018

Time (s): cpu = 00:00:04 ; elapsed = 00:00:03 . Memory (MB): peak = 1748.535 ; gain = 0.000

Phase 2.5 Global Place Phase2

Phase 2.5.1 UpdateTiming Before Physical Synthesis
Phase 2.5.1 UpdateTiming Before Physical Synthesis | Checksum: 378bce546

Time (s): cpu = 00:00:04 ; elapsed = 00:00:03 . Memory (MB): peak = 1748.535 ; gain = 0.000

Phase 2.5.2 Physical Synthesis In Placer
INFO: [Physopt 32-1035] Found 0 LUTNM shape to break, 29 LUT instances to create LUTNM shape
INFO: [Physopt 32-1044] Break lutnm for timing: one critical 0, two critical 0, total 0, new lutff created 0
INFO: [Physopt 32-1138] End 1 Pass. Optimized 11 nets or LUTs. Breaked 0 LUT, combined 11 existing LUTs and moved 0 existing LUT
INFO: [Physopt 32-65] No nets found for high-fanout optimization.
INFO: [Physopt 32-232] Optimized 0 net. Created 0 new instance.
INFO: [Physopt 32-775] End 1 Pass. Optimized 0 net or cell. Created 0 new cell, deleted 0 existing cell and moved 0 existing cell
INFO: [Physopt 32-457] Pass 1. Identified 5 candidate cells for DSP register optimization.
INFO: [Physopt 32-665] Processed cell phase_inc1__0. 10 registers were pushed out.
INFO: [Physopt 32-665] Processed cell phase_inc1. 17 registers were pushed out.
INFO: [Physopt 32-665] Processed cell pwm_threshold_reg. 14 registers were pushed out.
INFO: [Physopt 32-665] Processed cell pwm_threshold_reg. 14 registers were pushed out.
INFO: [Physopt 32-665] Processed cell phase_inc1__0. 15 registers were pushed out.
INFO: [Physopt 32-775] End 2 Pass. Optimized 5 nets or cells. Created 70 new cells, deleted 0 existing cell and moved 0 existing cell
Netlist sorting complete. Time (s): cpu = 00:00:00 ; elapsed = 00:00:00.004 . Memory (MB): peak = 1748.535 ; gain = 0.000
INFO: [Physopt 32-1123] No candidate cells found for Shift Register to Pipeline optimization
INFO: [Physopt 32-775] End 2 Pass. Optimized 0 net or cell. Created 0 new cell, deleted 0 existing cell and moved 0 existing cell
INFO: [Physopt 32-1401] No candidate cells found for Shift Register optimization.
INFO: [Physopt 32-677] No candidate cells for Shift Register optimization found in the design
INFO: [Physopt 32-775] End 1 Pass. Optimized 0 net or cell. Created 0 new cell, deleted 0 existing cell and moved 0 existing cell
INFO: [Physopt 32-526] No candidate cells for BRAM register optimization found in the design
INFO: [Physopt 32-775] End 1 Pass. Optimized 0 net or cell. Created 0 new cell, deleted 0 existing cell and moved 0 existing cell
INFO: [Physopt 32-846] No candidate cells for URAM register optimization found in the design
INFO: [Physopt 32-775] End 1 Pass. Optimized 0 net or cell. Created 0 new cell, deleted 0 existing cell and moved 0 existing cell
INFO: [Physopt 32-846] No candidate cells for URAM register optimization found in the design
INFO: [Physopt 32-775] End 1 Pass. Optimized 0 net or cell. Created 0 new cell, deleted 0 existing cell and moved 0 existing cell
INFO: [Physopt 32-949] No candidate nets found for dynamic/static region interface net replication
INFO: [Physopt 32-775] End 1 Pass. Optimized 0 net or cell. Created 0 new cell, deleted 0 existing cell and moved 0 existing cell
Netlist sorting complete. Time (s): cpu = 00:00:00 ; elapsed = 00:00:00.001 . Memory (MB): peak = 1748.535 ; gain = 0.000

Summary of Physical Synthesis Optimizations
============================================


-----------------------------------------------------------------------------------------------------------------------------------------------------------
|  Optimization                                     |  Added Cells  |  Removed Cells  |  Optimized Cells/Nets  |  Dont Touch  |  Iterations  |  Elapsed   |
-----------------------------------------------------------------------------------------------------------------------------------------------------------
|  LUT Combining                                    |            0  |             11  |                    11  |           0  |           1  |  00:00:00  |
|  Retime                                           |            0  |              0  |                     0  |           0  |           1  |  00:00:00  |
|  Very High Fanout                                 |            0  |              0  |                     0  |           0  |           1  |  00:00:00  |
|  DSP Register                                     |           70  |              0  |                     5  |           0  |           1  |  00:00:00  |
|  Shift Register to Pipeline                       |            0  |              0  |                     0  |           0  |           1  |  00:00:00  |
|  Shift Register                                   |            0  |              0  |                     0  |           0  |           1  |  00:00:00  |
|  BRAM Register                                    |            0  |              0  |                     0  |           0  |           1  |  00:00:00  |
|  URAM Register                                    |            0  |              0  |                     0  |           0  |           1  |  00:00:00  |
|  Dynamic/Static Region Interface Net Replication  |            0  |              0  |                     0  |           0  |           1  |  00:00:00  |
|  Total                                            |           70  |             11  |                    16  |           0  |           9  |  00:00:00  |
-----------------------------------------------------------------------------------------------------------------------------------------------------------


Phase 2.5.2 Physical Synthesis In Placer | Checksum: 2c7038672

Time (s): cpu = 00:00:05 ; elapsed = 00:00:03 . Memory (MB): peak = 1748.535 ; gain = 0.000
Phase 2.5 Global Place Phase2 | Checksum: 2084969cf

Time (s): cpu = 00:00:05 ; elapsed = 00:00:03 . Memory (MB): peak = 1748.535 ; gain = 0.000
Phase 2 Global Placement | Checksum: 2084969cf

Time (s): cpu = 00:00:05 ; elapsed = 00:00:03 . Memory (MB): peak = 1748.535 ; gain = 0.000

Phase 3 Detail Placement

Phase 3.1 Commit Multi Column Macros
Phase 3.1 Commit Multi Column Macros | Checksum: 235a0f7e3

Time (s): cpu = 00:00:05 ; elapsed = 00:00:03 . Memory (MB): peak = 1748.535 ; gain = 0.000

Phase 3.2 Commit Most Macros & LUTRAMs
Phase 3.2 Commit Most Macros & LUTRAMs | Checksum: 28401cc42

Time (s): cpu = 00:00:05 ; elapsed = 00:00:04 . Memory (MB): peak = 1748.535 ; gain = 0.000

Phase 3.3 Area Swap Optimization
Phase 3.3 Area Swap Optimization | Checksum: 2f6fdcbdf

Time (s): cpu = 00:00:05 ; elapsed = 00:00:04 . Memory (MB): peak = 1748.535 ; gain = 0.000

Phase 3.4 Pipeline Register Optimization
Phase 3.4 Pipeline Register Optimization | Checksum: 258c8bee3

Time (s): cpu = 00:00:05 ; elapsed = 00:00:04 . Memory (MB): peak = 1748.535 ; gain = 0.000

Phase 3.5 Fast Optimization
Phase 3.5 Fast Optimization | Checksum: 266a552e3

Time (s): cpu = 00:00:07 ; elapsed = 00:00:06 . Memory (MB): peak = 1748.535 ; gain = 0.000

Phase 3.6 Small Shape Detail Placement
Phase 3.6 Small Shape Detail Placement | Checksum: 1a9db94e3

Time (s): cpu = 00:00:07 ; elapsed = 00:00:06 . Memory (MB): peak = 1748.535 ; gain = 0.000

Phase 3.7 Re-assign LUT pins
Phase 3.7 Re-assign LUT pins | Checksum: 1a73684ec

Time (s): cpu = 00:00:07 ; elapsed = 00:00:06 . Memory (MB): peak = 1748.535 ; gain = 0.000

Phase 3.8 Pipeline Register Optimization
Phase 3.8 Pipeline Register Optimization | Checksum: 1d42dae85

Time (s): cpu = 00:00:07 ; elapsed = 00:00:06 . Memory (MB): peak = 1748.535 ; gain = 0.000

Phase 3.9 Fast Optimization
Phase 3.9 Fast Optimization | Checksum: 237105c8e

Time (s): cpu = 00:00:10 ; elapsed = 00:00:09 . Memory (MB): peak = 1748.535 ; gain = 0.000
Phase 3 Detail Placement | Checksum: 237105c8e

Time (s): cpu = 00:00:10 ; elapsed = 00:00:09 . Memory (MB): peak = 1748.535 ; gain = 0.000

Phase 4 Post Placement Optimization and Clean-Up

Phase 4.1 Post Commit Optimization
INFO: [Timing 38-35] Done setting XDC timing constraints.

Phase 4.1.1 Post Placement Optimization
Post Placement Optimization Initialization | Checksum: 1d92cc7f4

Phase 4.1.1.1 BUFG Insertion

Starting Physical Synthesis Task

Phase 1 Physical Synthesis Initialization
INFO: [Physopt 32-721] Multithreading enabled for phys_opt_design using a maximum of 2 CPUs
INFO: [Physopt 32-619] Estimated Timing Summary | WNS=-13.756 | TNS=-375.973 |
Phase 1 Physical Synthesis Initialization | Checksum: 13d3c2576

Time (s): cpu = 00:00:00 ; elapsed = 00:00:00.063 . Memory (MB): peak = 1748.535 ; gain = 0.000
INFO: [Place 46-56] BUFG insertion identified 0 candidate nets. Inserted BUFG: 0, Replicated BUFG Driver: 0, Skipped due to Placement/Routing Conflicts: 0, Skipped due to Timing Degradation: 0, Skipped due to netlist editing failed: 0.
Ending Physical Synthesis Task | Checksum: 1d0a3d4b0

Time (s): cpu = 00:00:00 ; elapsed = 00:00:00.076 . Memory (MB): peak = 1748.535 ; gain = 0.000
Phase 4.1.1.1 BUFG Insertion | Checksum: 1d92cc7f4

Time (s): cpu = 00:00:10 ; elapsed = 00:00:09 . Memory (MB): peak = 1748.535 ; gain = 0.000

Phase 4.1.1.2 Post Placement Timing Optimization
INFO: [Place 30-746] Post Placement Timing Summary WNS=-12.485. For the most accurate timing information please run report_timing.
Phase 4.1.1.2 Post Placement Timing Optimization | Checksum: 236712ad9

Time (s): cpu = 00:00:19 ; elapsed = 00:00:18 . Memory (MB): peak = 1748.535 ; gain = 0.000

Time (s): cpu = 00:00:19 ; elapsed = 00:00:18 . Memory (MB): peak = 1748.535 ; gain = 0.000
Phase 4.1 Post Commit Optimization | Checksum: 236712ad9

Time (s): cpu = 00:00:19 ; elapsed = 00:00:18 . Memory (MB): peak = 1748.535 ; gain = 0.000

Phase 4.2 Post Placement Cleanup
Phase 4.2 Post Placement Cleanup | Checksum: 236712ad9

Time (s): cpu = 00:00:19 ; elapsed = 00:00:18 . Memory (MB): peak = 1748.535 ; gain = 0.000

Phase 4.3 Placer Reporting

Phase 4.3.1 Print Estimated Congestion
INFO: [Place 30-612] Post-Placement Estimated Congestion 
 ____________________________________________________
|           | Global Congestion | Short Congestion  |
| Direction | Region Size       | Region Size       |
|___________|___________________|___________________|
|      North|                1x1|                1x1|
|___________|___________________|___________________|
|      South|                1x1|                1x1|
|___________|___________________|___________________|
|       East|                1x1|                1x1|
|___________|___________________|___________________|
|       West|                1x1|                1x1|
|___________|___________________|___________________|

Phase 4.3.1 Print Estimated Congestion | Checksum: 236712ad9

Time (s): cpu = 00:00:19 ; elapsed = 00:00:18 . Memory (MB): peak = 1748.535 ; gain = 0.000
Phase 4.3 Placer Reporting | Checksum: 236712ad9

Time (s): cpu = 00:00:19 ; elapsed = 00:00:18 . Memory (MB): peak = 1748.535 ; gain = 0.000

Phase 4.4 Final Placement Cleanup
Netlist sorting complete. Time (s): cpu = 00:00:00 ; elapsed = 00:00:00.001 . Memory (MB): peak = 1748.535 ; gain = 0.000

Time (s): cpu = 00:00:19 ; elapsed = 00:00:18 . Memory (MB): peak = 1748.535 ; gain = 0.000
Phase 4 Post Placement Optimization and Clean-Up | Checksum: 224e6ea60

Time (s): cpu = 00:00:19 ; elapsed = 00:00:18 . Memory (MB): peak = 1748.535 ; gain = 0.000
Ending Placer Task | Checksum: 14d91305b

Time (s): cpu = 00:00:19 ; elapsed = 00:00:18 . Memory (MB): peak = 1748.535 ; gain = 0.000
86 Infos, 26 Warnings, 30 Critical Warnings and 0 Errors encountered.
place_design completed successfully
place_design: Time (s): cpu = 00:00:21 ; elapsed = 00:00:19 . Memory (MB): peak = 1748.535 ; gain = 0.000
INFO: [Vivado 12-24838] Running report commands "report_control_sets, report_io, report_utilization" in parallel.
Running report generation with 2 threads.
INFO: [Vivado 12-24828] Executing command : report_utilization -file top_level_utilization_placed.rpt -pb top_level_utilization_placed.pb
INFO: [Vivado 12-24828] Executing command : report_control_sets -verbose -file top_level_control_sets_placed.rpt
report_control_sets: Time (s): cpu = 00:00:00 ; elapsed = 00:00:00.005 . Memory (MB): peak = 1748.535 ; gain = 0.000
INFO: [Vivado 12-24828] Executing command : report_io -file top_level_io_placed.rpt
report_io: Time (s): cpu = 00:00:00 ; elapsed = 00:00:00.051 . Memory (MB): peak = 1748.535 ; gain = 0.000
INFO: [Timing 38-480] Writing timing data to binary archive.
Write ShapeDB Complete: Time (s): cpu = 00:00:00 ; elapsed = 00:00:00.005 . Memory (MB): peak = 1748.535 ; gain = 0.000
Wrote PlaceDB: Time (s): cpu = 00:00:01 ; elapsed = 00:00:00.122 . Memory (MB): peak = 1748.535 ; gain = 0.000
Wrote PulsedLatchDB: Time (s): cpu = 00:00:00 ; elapsed = 00:00:00 . Memory (MB): peak = 1748.535 ; gain = 0.000
Writing XDEF routing.
Writing XDEF routing logical nets.
Writing XDEF routing special nets.
Wrote RouteStorage: Time (s): cpu = 00:00:00 ; elapsed = 00:00:00.012 . Memory (MB): peak = 1748.535 ; gain = 0.000
Wrote Netlist Cache: Time (s): cpu = 00:00:00 ; elapsed = 00:00:00.003 . Memory (MB): peak = 1748.535 ; gain = 0.000
Wrote Device Cache: Time (s): cpu = 00:00:00 ; elapsed = 00:00:00.006 . Memory (MB): peak = 1748.535 ; gain = 0.000
Write Physdb Complete: Time (s): cpu = 00:00:01 ; elapsed = 00:00:00.150 . Memory (MB): peak = 1748.535 ; gain = 0.000
INFO: [Common 17-1381] The checkpoint 'D:/WORK/Project/8080LCD/8080LCD.runs/impl_1/top_level_placed.dcp' has been generated.
Command: phys_opt_design
Attempting to get a license for feature 'Implementation' and/or device 'xc7a35t'
INFO: [Common 17-349] Got license for feature 'Implementation' and/or device 'xc7a35t'

Starting Initial Update Timing Task

Time (s): cpu = 00:00:00 ; elapsed = 00:00:00.221 . Memory (MB): peak = 1748.535 ; gain = 0.000
INFO: [Vivado_Tcl 4-1435] PhysOpt_Tcl_Interface Runtime Before Starting Physical Synthesis Task | CPU: 0.00s |  WALL: 0.23s
Netlist sorting complete. Time (s): cpu = 00:00:00 ; elapsed = 00:00:00.001 . Memory (MB): peak = 1748.535 ; gain = 0.000

Starting Physical Synthesis Task

Phase 1 Physical Synthesis Initialization
INFO: [Physopt 32-721] Multithreading enabled for phys_opt_design using a maximum of 2 CPUs
INFO: [Physopt 32-619] Estimated Timing Summary | WNS=-12.473 | TNS=-339.101 |
Phase 1 Physical Synthesis Initialization | Checksum: 13fab8a95

Time (s): cpu = 00:00:01 ; elapsed = 00:00:00.212 . Memory (MB): peak = 1748.535 ; gain = 0.000
INFO: [Physopt 32-619] Estimated Timing Summary | WNS=-12.473 | TNS=-339.101 |

Phase 2 DSP Register Optimization
INFO: [Physopt 32-456] No candidate cells for DSP register optimization found in the design.
INFO: [Physopt 32-775] End 2 Pass. Optimized 0 net or cell. Created 0 new cell, deleted 0 existing cell and moved 0 existing cell
Phase 2 DSP Register Optimization | Checksum: 13fab8a95

Time (s): cpu = 00:00:01 ; elapsed = 00:00:00.231 . Memory (MB): peak = 1748.535 ; gain = 0.000

Phase 3 Critical Path Optimization
INFO: [Physopt 32-619] Estimated Timing Summary | WNS=-12.473 | TNS=-339.101 |
INFO: [Physopt 32-702] Processed net phase_inc_s1_reg[15]_psdsp_n. Optimizations did not improve timing on the net.
INFO: [Physopt 32-702] Processed net main_clk_pll/inst/clk_out3_clk_wiz_1. Optimizations did not improve timing on the net.
INFO: [Physopt 32-702] Processed net phase_inc1__0_i_2_n_0. Optimizations did not improve timing on the net.
INFO: [Physopt 32-702] Processed net phase_inc1__0_i_5_n_5. Optimizations did not improve timing on the net.
INFO: [Physopt 32-702] Processed net phase_inc1__0_i_11_n_0. Optimizations did not improve timing on the net.
INFO: [Physopt 32-702] Processed net C[23]. Optimizations did not improve timing on the net.
INFO: [Physopt 32-702] Processed net phase_inc1__0_i_25_n_5. Optimizations did not improve timing on the net.
INFO: [Physopt 32-702] Processed net phase_inc1__0_i_27_n_6. Optimizations did not improve timing on the net.
INFO: [Physopt 32-702] Processed net phase_inc1_i_170_n_0. Optimizations did not improve timing on the net.
INFO: [Physopt 32-702] Processed net phase_inc1__0_i_30_n_7. Optimizations did not improve timing on the net.
INFO: [Physopt 32-702] Processed net phase_inc1_i_199_n_0. Optimizations did not improve timing on the net.
INFO: [Physopt 32-702] Processed net phase_inc1__0_i_33_n_6. Optimizations did not improve timing on the net.
INFO: [Physopt 32-702] Processed net phase_inc1_i_212_n_0. Optimizations did not improve timing on the net.
INFO: [Physopt 32-702] Processed net phase_inc1_i_222_n_7. Optimizations did not improve timing on the net.
INFO: [Physopt 32-702] Processed net phase_inc1_i_210_n_0. Optimizations did not improve timing on the net.
INFO: [Physopt 32-702] Processed net phase_inc1_i_220_n_0. Optimizations did not improve timing on the net.
INFO: [Physopt 32-601] Processed net phase_inc1_i_223_n_0. Net driver phase_inc1_i_223 was replaced.
INFO: [Physopt 32-735] Processed net phase_inc1_i_223_n_0. Optimization improves timing on the net.
INFO: [Physopt 32-619] Estimated Timing Summary | WNS=-12.454 | TNS=-338.912 |
INFO: [Physopt 32-663] Processed net phase_inc1_i_163_n_0.  Re-placed instance phase_inc1_i_163
INFO: [Physopt 32-735] Processed net phase_inc1_i_163_n_0. Optimization improves timing on the net.
INFO: [Physopt 32-619] Estimated Timing Summary | WNS=-12.418 | TNS=-338.534 |
INFO: [Physopt 32-702] Processed net phase_inc1_i_223_n_0. Optimizations did not improve timing on the net.
INFO: [Physopt 32-702] Processed net freq_hz0[26]. Optimizations did not improve timing on the net.
INFO: [Physopt 32-81] Processed net wave_type_reg_n_0_[1]. Replicated 4 times.
INFO: [Physopt 32-735] Processed net wave_type_reg_n_0_[1]. Optimization improves timing on the net.
INFO: [Physopt 32-619] Estimated Timing Summary | WNS=-12.410 | TNS=-337.831 |
INFO: [Physopt 32-81] Processed net wave_type_reg_n_0_[1]. Replicated 1 times.
INFO: [Physopt 32-735] Processed net wave_type_reg_n_0_[1]. Optimization improves timing on the net.
INFO: [Physopt 32-619] Estimated Timing Summary | WNS=-12.407 | TNS=-337.774 |
INFO: [Physopt 32-702] Processed net wave_type_reg_n_0_[1]. Optimizations did not improve timing on the net.
INFO: [Physopt 32-702] Processed net phase_inc_s1[10]. Optimizations did not improve timing on the net.
INFO: [Physopt 32-702] Processed net main_clk_pll/inst/clk_out1_clk_wiz_1. Optimizations did not improve timing on the net.
INFO: [Physopt 32-663] Processed net phase_inc[10].  Re-placed instance phase_inc_s1_reg[10]_psdsp
INFO: [Physopt 32-735] Processed net phase_inc[10]. Optimization improves timing on the net.
INFO: [Physopt 32-619] Estimated Timing Summary | WNS=-12.407 | TNS=-337.589 |
INFO: [Physopt 32-702] Processed net phase_inc_s1[3]. Optimizations did not improve timing on the net.
INFO: [Physopt 32-663] Processed net phase_inc[3].  Re-placed instance phase_inc_s1_reg[3]_psdsp
INFO: [Physopt 32-735] Processed net phase_inc[3]. Optimization improves timing on the net.
INFO: [Physopt 32-619] Estimated Timing Summary | WNS=-12.407 | TNS=-337.537 |
INFO: [Physopt 32-702] Processed net phase_inc_s1[1]. Optimizations did not improve timing on the net.
INFO: [Physopt 32-663] Processed net phase_inc[1].  Re-placed instance phase_inc_s1_reg[1]_psdsp
INFO: [Physopt 32-735] Processed net phase_inc[1]. Optimization improves timing on the net.
INFO: [Physopt 32-619] Estimated Timing Summary | WNS=-12.407 | TNS=-337.492 |
INFO: [Physopt 32-702] Processed net pwm_thr_s1[4]. Optimizations did not improve timing on the net.
INFO: [Physopt 32-663] Processed net pwm_threshold_reg__0[4].  Re-placed instance pwm_thr_s1_reg[4]_psdsp
INFO: [Physopt 32-735] Processed net pwm_threshold_reg__0[4]. Optimization improves timing on the net.
INFO: [Physopt 32-619] Estimated Timing Summary | WNS=-12.407 | TNS=-337.296 |
INFO: [Physopt 32-702] Processed net pwm_thr_s1[8]. Optimizations did not improve timing on the net.
INFO: [Physopt 32-663] Processed net pwm_threshold_reg__0[8].  Re-placed instance pwm_thr_s1_reg[8]_psdsp
INFO: [Physopt 32-735] Processed net pwm_threshold_reg__0[8]. Optimization improves timing on the net.
INFO: [Physopt 32-619] Estimated Timing Summary | WNS=-12.407 | TNS=-337.088 |
INFO: [Physopt 32-702] Processed net phase_inc_s1[8]. Optimizations did not improve timing on the net.
INFO: [Physopt 32-663] Processed net phase_inc[8].  Re-placed instance phase_inc_s1_reg[8]_psdsp
INFO: [Physopt 32-735] Processed net phase_inc[8]. Optimization improves timing on the net.
INFO: [Physopt 32-619] Estimated Timing Summary | WNS=-12.407 | TNS=-336.919 |
INFO: [Physopt 32-702] Processed net phase_inc[1]. Optimizations did not improve timing on the net.
INFO: [Physopt 32-702] Processed net phase_inc_s1_reg[15]_psdsp_n. Optimizations did not improve timing on the net.
INFO: [Physopt 32-702] Processed net main_clk_pll/inst/clk_out3_clk_wiz_1. Optimizations did not improve timing on the net.
INFO: [Physopt 32-702] Processed net phase_inc1__0_i_5_n_5. Optimizations did not improve timing on the net.
INFO: [Physopt 32-702] Processed net phase_inc1__0_i_11_n_0. Optimizations did not improve timing on the net.
INFO: [Physopt 32-702] Processed net C[23]. Optimizations did not improve timing on the net.
INFO: [Physopt 32-702] Processed net phase_inc1__0_i_25_n_5. Optimizations did not improve timing on the net.
INFO: [Physopt 32-702] Processed net phase_inc1__0_i_27_n_6. Optimizations did not improve timing on the net.
INFO: [Physopt 32-702] Processed net phase_inc1__0_i_30_n_7. Optimizations did not improve timing on the net.
INFO: [Physopt 32-702] Processed net phase_inc1__0_i_33_n_6. Optimizations did not improve timing on the net.
INFO: [Physopt 32-702] Processed net phase_inc1_i_222_n_7. Optimizations did not improve timing on the net.
INFO: [Physopt 32-702] Processed net phase_inc1_i_220_n_0. Optimizations did not improve timing on the net.
INFO: [Physopt 32-702] Processed net phase_inc1_i_223_n_0. Optimizations did not improve timing on the net.
INFO: [Physopt 32-702] Processed net freq_hz0[26]. Optimizations did not improve timing on the net.
INFO: [Physopt 32-702] Processed net wave_type_reg_n_0_[1]. Optimizations did not improve timing on the net.
INFO: [Physopt 32-702] Processed net phase_inc_s1[1]. Optimizations did not improve timing on the net.
INFO: [Physopt 32-702] Processed net main_clk_pll/inst/clk_out1_clk_wiz_1. Optimizations did not improve timing on the net.
INFO: [Physopt 32-702] Processed net phase_inc[1]. Optimizations did not improve timing on the net.
INFO: [Physopt 32-619] Estimated Timing Summary | WNS=-12.407 | TNS=-336.919 |
Netlist sorting complete. Time (s): cpu = 00:00:00 ; elapsed = 00:00:00.004 . Memory (MB): peak = 1748.535 ; gain = 0.000
Phase 3 Critical Path Optimization | Checksum: 13fab8a95

Time (s): cpu = 00:00:03 ; elapsed = 00:00:02 . Memory (MB): peak = 1748.535 ; gain = 0.000

Phase 4 Critical Path Optimization
INFO: [Physopt 32-619] Estimated Timing Summary | WNS=-12.407 | TNS=-336.919 |
INFO: [Physopt 32-702] Processed net phase_inc_s1_reg[15]_psdsp_n. Optimizations did not improve timing on the net.
INFO: [Physopt 32-702] Processed net main_clk_pll/inst/clk_out3_clk_wiz_1. Optimizations did not improve timing on the net.
INFO: [Physopt 32-702] Processed net phase_inc1__0_i_2_n_0. Optimizations did not improve timing on the net.
INFO: [Physopt 32-702] Processed net phase_inc1__0_i_5_n_5. Optimizations did not improve timing on the net.
INFO: [Physopt 32-702] Processed net phase_inc1__0_i_11_n_0. Optimizations did not improve timing on the net.
INFO: [Physopt 32-702] Processed net C[23]. Optimizations did not improve timing on the net.
INFO: [Physopt 32-702] Processed net phase_inc1__0_i_25_n_5. Optimizations did not improve timing on the net.
INFO: [Physopt 32-702] Processed net phase_inc1__0_i_27_n_6. Optimizations did not improve timing on the net.
INFO: [Physopt 32-702] Processed net phase_inc1_i_170_n_0. Optimizations did not improve timing on the net.
INFO: [Physopt 32-702] Processed net phase_inc1__0_i_30_n_7. Optimizations did not improve timing on the net.
INFO: [Physopt 32-702] Processed net phase_inc1_i_199_n_0. Optimizations did not improve timing on the net.
INFO: [Physopt 32-702] Processed net phase_inc1__0_i_33_n_6. Optimizations did not improve timing on the net.
INFO: [Physopt 32-702] Processed net phase_inc1_i_212_n_0. Optimizations did not improve timing on the net.
INFO: [Physopt 32-702] Processed net phase_inc1_i_222_n_7. Optimizations did not improve timing on the net.
INFO: [Physopt 32-702] Processed net phase_inc1_i_210_n_0. Optimizations did not improve timing on the net.
INFO: [Physopt 32-702] Processed net phase_inc1_i_220_n_0. Optimizations did not improve timing on the net.
INFO: [Physopt 32-702] Processed net phase_inc1_i_223_n_0. Optimizations did not improve timing on the net.
INFO: [Physopt 32-702] Processed net freq_hz0[26]. Optimizations did not improve timing on the net.
INFO: [Physopt 32-702] Processed net wave_type_reg_n_0_[1]. Optimizations did not improve timing on the net.
INFO: [Physopt 32-702] Processed net phase_inc_s1[1]. Optimizations did not improve timing on the net.
INFO: [Physopt 32-702] Processed net main_clk_pll/inst/clk_out1_clk_wiz_1. Optimizations did not improve timing on the net.
INFO: [Physopt 32-702] Processed net phase_inc[1]. Optimizations did not improve timing on the net.
INFO: [Physopt 32-702] Processed net phase_inc_s1_reg[15]_psdsp_n. Optimizations did not improve timing on the net.
INFO: [Physopt 32-702] Processed net main_clk_pll/inst/clk_out3_clk_wiz_1. Optimizations did not improve timing on the net.
INFO: [Physopt 32-702] Processed net phase_inc1__0_i_5_n_5. Optimizations did not improve timing on the net.
INFO: [Physopt 32-702] Processed net phase_inc1__0_i_11_n_0. Optimizations did not improve timing on the net.
INFO: [Physopt 32-702] Processed net C[23]. Optimizations did not improve timing on the net.
INFO: [Physopt 32-702] Processed net phase_inc1__0_i_25_n_5. Optimizations did not improve timing on the net.
INFO: [Physopt 32-702] Processed net phase_inc1__0_i_27_n_6. Optimizations did not improve timing on the net.
INFO: [Physopt 32-702] Processed net phase_inc1__0_i_30_n_7. Optimizations did not improve timing on the net.
INFO: [Physopt 32-702] Processed net phase_inc1__0_i_33_n_6. Optimizations did not improve timing on the net.
INFO: [Physopt 32-702] Processed net phase_inc1_i_222_n_7. Optimizations did not improve timing on the net.
INFO: [Physopt 32-702] Processed net phase_inc1_i_220_n_0. Optimizations did not improve timing on the net.
INFO: [Physopt 32-702] Processed net phase_inc1_i_223_n_0. Optimizations did not improve timing on the net.
INFO: [Physopt 32-702] Processed net freq_hz0[26]. Optimizations did not improve timing on the net.
INFO: [Physopt 32-702] Processed net wave_type_reg_n_0_[1]. Optimizations did not improve timing on the net.
INFO: [Physopt 32-702] Processed net phase_inc_s1[1]. Optimizations did not improve timing on the net.
INFO: [Physopt 32-702] Processed net main_clk_pll/inst/clk_out1_clk_wiz_1. Optimizations did not improve timing on the net.
INFO: [Physopt 32-702] Processed net phase_inc[1]. Optimizations did not improve timing on the net.
INFO: [Physopt 32-619] Estimated Timing Summary | WNS=-12.407 | TNS=-336.919 |
Netlist sorting complete. Time (s): cpu = 00:00:00 ; elapsed = 00:00:00.002 . Memory (MB): peak = 1748.535 ; gain = 0.000
Phase 4 Critical Path Optimization | Checksum: 13fab8a95

Time (s): cpu = 00:00:04 ; elapsed = 00:00:02 . Memory (MB): peak = 1748.535 ; gain = 0.000
Netlist sorting complete. Time (s): cpu = 00:00:00 ; elapsed = 00:00:00.001 . Memory (MB): peak = 1748.535 ; gain = 0.000
INFO: [Physopt 32-603] Post Physical Optimization Timing Summary | WNS=-12.407 | TNS=-336.919 |

Summary of Physical Synthesis Optimizations
============================================


-------------------------------------------------------------------------------------------------------------------------------------------------------------
|  Optimization   |  WNS Gain (ns)  |  TNS Gain (ns)  |  Added Cells  |  Removed Cells  |  Optimized Cells/Nets  |  Dont Touch  |  Iterations  |  Elapsed   |
-------------------------------------------------------------------------------------------------------------------------------------------------------------
|  DSP Register   |          0.000  |          0.000  |            0  |              0  |                     0  |           0  |           1  |  00:00:00  |
|  Critical Path  |          0.066  |          2.183  |            5  |              0  |                    10  |           0  |           2  |  00:00:02  |
|  Total          |          0.066  |          2.183  |            5  |              0  |                    10  |           0  |           3  |  00:00:02  |
-------------------------------------------------------------------------------------------------------------------------------------------------------------


Netlist sorting complete. Time (s): cpu = 00:00:00 ; elapsed = 00:00:00 . Memory (MB): peak = 1748.535 ; gain = 0.000
Ending Physical Synthesis Task | Checksum: 16d4cecbf

Time (s): cpu = 00:00:04 ; elapsed = 00:00:02 . Memory (MB): peak = 1748.535 ; gain = 0.000
INFO: [Common 17-83] Releasing license: Implementation
218 Infos, 26 Warnings, 30 Critical Warnings and 0 Errors encountered.
phys_opt_design completed successfully
INFO: [Timing 38-480] Writing timing data to binary archive.
Write ShapeDB Complete: Time (s): cpu = 00:00:00 ; elapsed = 00:00:00.004 . Memory (MB): peak = 1748.535 ; gain = 0.000
Wrote PlaceDB: Time (s): cpu = 00:00:01 ; elapsed = 00:00:00.121 . Memory (MB): peak = 1748.535 ; gain = 0.000
Wrote PulsedLatchDB: Time (s): cpu = 00:00:00 ; elapsed = 00:00:00 . Memory (MB): peak = 1748.535 ; gain = 0.000
Writing XDEF routing.
Writing XDEF routing logical nets.
Writing XDEF routing special nets.
Wrote RouteStorage: Time (s): cpu = 00:00:00 ; elapsed = 00:00:00.013 . Memory (MB): peak = 1748.535 ; gain = 0.000
Wrote Netlist Cache: Time (s): cpu = 00:00:00 ; elapsed = 00:00:00.003 . Memory (MB): peak = 1748.535 ; gain = 0.000
Wrote Device Cache: Time (s): cpu = 00:00:00 ; elapsed = 00:00:00.004 . Memory (MB): peak = 1748.535 ; gain = 0.000
Write Physdb Complete: Time (s): cpu = 00:00:01 ; elapsed = 00:00:00.148 . Memory (MB): peak = 1748.535 ; gain = 0.000
INFO: [Common 17-1381] The checkpoint 'D:/WORK/Project/8080LCD/8080LCD.runs/impl_1/top_level_physopt.dcp' has been generated.
Command: route_design
Attempting to get a license for feature 'Implementation' and/or device 'xc7a35t'
INFO: [Common 17-349] Got license for feature 'Implementation' and/or device 'xc7a35t'
INFO: [DRC 23-27] Running DRC with 2 threads
INFO: [Vivado_Tcl 4-198] DRC finished with 0 Errors
INFO: [Vivado_Tcl 4-199] Please refer to the DRC report (report_drc) for more information.


Starting Routing Task
INFO: [Route 35-254] Multithreading enabled for route_design using a maximum of 2 CPUs

Phase 1 Build RT Design
Checksum: PlaceDB: 19554eb8 ConstDB: 0 ShapeSum: 4f15844f RouteDB: a0815c57
Post Restoration Checksum: NetGraph: 72de0eee | NumContArr: dfd39d43 | Constraints: c2a8fa9d | Timing: c2a8fa9d
Phase 1 Build RT Design | Checksum: 2d803a16b

Time (s): cpu = 00:00:13 ; elapsed = 00:00:12 . Memory (MB): peak = 1781.094 ; gain = 32.559

Phase 2 Router Initialization

Phase 2.1 Fix Topology Constraints
Phase 2.1 Fix Topology Constraints | Checksum: 2d803a16b

Time (s): cpu = 00:00:13 ; elapsed = 00:00:12 . Memory (MB): peak = 1781.094 ; gain = 32.559

Phase 2.2 Pre Route Cleanup
Phase 2.2 Pre Route Cleanup | Checksum: 2d803a16b

Time (s): cpu = 00:00:13 ; elapsed = 00:00:12 . Memory (MB): peak = 1781.094 ; gain = 32.559
 Number of Nodes with overlaps = 0

Phase 2.3 Update Timing
Phase 2.3 Update Timing | Checksum: 255b68380

Time (s): cpu = 00:00:14 ; elapsed = 00:00:12 . Memory (MB): peak = 1813.277 ; gain = 64.742
INFO: [Route 35-416] Intermediate Timing Summary | WNS=-12.246| TNS=-331.630| WHS=-0.428 | THS=-43.480|


Router Utilization Summary
  Global Vertical Routing Utilization    = 0 %
  Global Horizontal Routing Utilization  = 0 %
  Routable Net Status*
  *Does not include unroutable nets such as driverless and loadless.
  Run report_route_status for detailed report.
  Number of Failed Nets               = 2685
    (Failed Nets is the sum of unrouted and partially routed nets)
  Number of Unrouted Nets             = 2685
  Number of Partially Routed Nets     = 0
  Number of Node Overlaps             = 0

Phase 2 Router Initialization | Checksum: 1fa797cd3

Time (s): cpu = 00:00:15 ; elapsed = 00:00:13 . Memory (MB): peak = 1813.277 ; gain = 64.742

Phase 3 Global Routing
Phase 3 Global Routing | Checksum: 1fa797cd3

Time (s): cpu = 00:00:15 ; elapsed = 00:00:13 . Memory (MB): peak = 1813.277 ; gain = 64.742

Phase 4 Initial Routing

Phase 4.1 Initial Net Routing Pass
Phase 4.1 Initial Net Routing Pass | Checksum: 1f8d2a4e8

Time (s): cpu = 00:00:18 ; elapsed = 00:00:14 . Memory (MB): peak = 1833.777 ; gain = 85.242
Phase 4 Initial Routing | Checksum: 1f8d2a4e8

Time (s): cpu = 00:00:18 ; elapsed = 00:00:14 . Memory (MB): peak = 1833.777 ; gain = 85.242
INFO: [Route 35-580] Design has 107 pins with tight setup and hold constraints.

The top 5 pins with tight setup and hold constraints:

+====================+====================+=============================+
| Launch Setup Clock | Launch Hold Clock  | Pin                         |
+====================+====================+=============================+
| clk_out3_clk_wiz_1 | clk_out3_clk_wiz_1 | phase_inc_reg[0]_psdsp_5/D  |
| clk_out3_clk_wiz_1 | clk_out3_clk_wiz_1 | phase_inc_reg[0]_psdsp_7/D  |
| clk_out3_clk_wiz_1 | clk_out3_clk_wiz_1 | phase_inc_reg[0]_psdsp_8/D  |
| clk_out3_clk_wiz_1 | clk_out3_clk_wiz_1 | phase_inc_reg[0]_psdsp_9/D  |
| clk_out3_clk_wiz_1 | clk_out3_clk_wiz_1 | phase_inc_reg[0]_psdsp_10/D |
+--------------------+--------------------+-----------------------------+

File with complete list of pins: tight_setup_hold_pins.txt


Phase 5 Rip-up And Reroute

Phase 5.1 Global Iteration 0
 Number of Nodes with overlaps = 311
 Number of Nodes with overlaps = 89
 Number of Nodes with overlaps = 66
 Number of Nodes with overlaps = 20
 Number of Nodes with overlaps = 10
 Number of Nodes with overlaps = 4
 Number of Nodes with overlaps = 0
INFO: [Route 35-416] Intermediate Timing Summary | WNS=-12.448| TNS=-439.927| WHS=N/A    | THS=N/A    |

Phase 5.1 Global Iteration 0 | Checksum: 2e6753adf

Time (s): cpu = 00:01:24 ; elapsed = 00:01:12 . Memory (MB): peak = 2368.613 ; gain = 620.078

Phase 5.2 Global Iteration 1
 Number of Nodes with overlaps = 41
 Number of Nodes with overlaps = 2
 Number of Nodes with overlaps = 0
INFO: [Route 35-416] Intermediate Timing Summary | WNS=-12.544| TNS=-430.661| WHS=N/A    | THS=N/A    |

Phase 5.2 Global Iteration 1 | Checksum: 20cc7651c

Time (s): cpu = 00:01:24 ; elapsed = 00:01:12 . Memory (MB): peak = 2368.613 ; gain = 620.078
Phase 5 Rip-up And Reroute | Checksum: 20cc7651c

Time (s): cpu = 00:01:24 ; elapsed = 00:01:12 . Memory (MB): peak = 2368.613 ; gain = 620.078

Phase 6 Delay and Skew Optimization

Phase 6.1 Delay CleanUp

Phase 6.1.1 Update Timing
Phase 6.1.1 Update Timing | Checksum: 18fe51cbe

Time (s): cpu = 00:01:24 ; elapsed = 00:01:12 . Memory (MB): peak = 2368.613 ; gain = 620.078
INFO: [Route 35-416] Intermediate Timing Summary | WNS=-12.448| TNS=-439.927| WHS=N/A    | THS=N/A    |

 Number of Nodes with overlaps = 0
Phase 6.1 Delay CleanUp | Checksum: 283f2a28c

Time (s): cpu = 00:01:25 ; elapsed = 00:01:12 . Memory (MB): peak = 2368.613 ; gain = 620.078

Phase 6.2 Clock Skew Optimization
Phase 6.2 Clock Skew Optimization | Checksum: 283f2a28c

Time (s): cpu = 00:01:25 ; elapsed = 00:01:12 . Memory (MB): peak = 2368.613 ; gain = 620.078
Phase 6 Delay and Skew Optimization | Checksum: 283f2a28c

Time (s): cpu = 00:01:25 ; elapsed = 00:01:12 . Memory (MB): peak = 2368.613 ; gain = 620.078

Phase 7 Post Hold Fix

Phase 7.1 Hold Fix Iter
INFO: [Route 35-416] Intermediate Timing Summary | WNS=-12.448| TNS=-435.455| WHS=0.054  | THS=0.000  |

Phase 7.1 Hold Fix Iter | Checksum: 1c25b2de7

Time (s): cpu = 00:01:25 ; elapsed = 00:01:12 . Memory (MB): peak = 2368.613 ; gain = 620.078
Phase 7 Post Hold Fix | Checksum: 1c25b2de7

Time (s): cpu = 00:01:25 ; elapsed = 00:01:12 . Memory (MB): peak = 2368.613 ; gain = 620.078

Phase 8 Route finalize

Router Utilization Summary
  Global Vertical Routing Utilization    = 0.765686 %
  Global Horizontal Routing Utilization  = 0.943779 %
  Routable Net Status*
  *Does not include unroutable nets such as driverless and loadless.
  Run report_route_status for detailed report.
  Number of Failed Nets               = 0
    (Failed Nets is the sum of unrouted and partially routed nets)
  Number of Unrouted Nets             = 0
  Number of Partially Routed Nets     = 0
  Number of Node Overlaps             = 0


--GLOBAL Congestion:
Utilization threshold used for congestion level computation: 0.85
Congestion Report
North Dir 1x1 Area, Max Cong = 34.2342%, No Congested Regions.
South Dir 1x1 Area, Max Cong = 37.8378%, No Congested Regions.
East Dir 1x1 Area, Max Cong = 55.8824%, No Congested Regions.
West Dir 1x1 Area, Max Cong = 47.0588%, No Congested Regions.

------------------------------
Reporting congestion hotspots
------------------------------
Direction: North
----------------
Congested clusters found at Level 0
Effective congestion level: 0 Aspect Ratio: 1 Sparse Ratio: 0
Direction: South
----------------
Congested clusters found at Level 0
Effective congestion level: 0 Aspect Ratio: 1 Sparse Ratio: 0
Direction: East
----------------
Congested clusters found at Level 0
Effective congestion level: 0 Aspect Ratio: 1 Sparse Ratio: 0
Direction: West
----------------
Congested clusters found at Level 0
Effective congestion level: 0 Aspect Ratio: 1 Sparse Ratio: 0

Phase 8 Route finalize | Checksum: 1c25b2de7

Time (s): cpu = 00:01:25 ; elapsed = 00:01:12 . Memory (MB): peak = 2368.613 ; gain = 620.078

Phase 9 Verifying routed nets

 Verification completed successfully
Phase 9 Verifying routed nets | Checksum: 1c25b2de7

Time (s): cpu = 00:01:25 ; elapsed = 00:01:12 . Memory (MB): peak = 2368.613 ; gain = 620.078

Phase 10 Depositing Routes
Phase 10 Depositing Routes | Checksum: 1e150b177

Time (s): cpu = 00:01:25 ; elapsed = 00:01:12 . Memory (MB): peak = 2368.613 ; gain = 620.078

Phase 11 Post Process Routing
Phase 11 Post Process Routing | Checksum: 1e150b177

Time (s): cpu = 00:01:25 ; elapsed = 00:01:12 . Memory (MB): peak = 2368.613 ; gain = 620.078

Phase 12 Post Router Timing
INFO: [Route 35-57] Estimated Timing Summary | WNS=-12.448| TNS=-435.455| WHS=0.054  | THS=0.000  |

WARNING: [Route 35-328] Router estimated timing not met.
Resolution: For a complete and accurate timing signoff, report_timing_summary must be run after route_design. Alternatively, route_design can be run with the -timing_summary option to enable a complete timing signoff at the end of route_design.
Phase 12 Post Router Timing | Checksum: 1e150b177

Time (s): cpu = 00:01:25 ; elapsed = 00:01:12 . Memory (MB): peak = 2368.613 ; gain = 620.078
Total Elapsed time in route_design: 72.34 secs

Phase 13 Post-Route Event Processing
Phase 13 Post-Route Event Processing | Checksum: 19cb5eaa0

Time (s): cpu = 00:01:25 ; elapsed = 00:01:12 . Memory (MB): peak = 2368.613 ; gain = 620.078
INFO: [Route 35-16] Router Completed Successfully
Ending Routing Task | Checksum: 19cb5eaa0

Time (s): cpu = 00:01:25 ; elapsed = 00:01:12 . Memory (MB): peak = 2368.613 ; gain = 620.078

Routing Is Done.
INFO: [Common 17-83] Releasing license: Implementation
234 Infos, 27 Warnings, 30 Critical Warnings and 0 Errors encountered.
route_design completed successfully
route_design: Time (s): cpu = 00:01:26 ; elapsed = 00:01:13 . Memory (MB): peak = 2368.613 ; gain = 620.078
INFO: [Vivado 12-24828] Executing command : report_drc -file top_level_drc_routed.rpt -pb top_level_drc_routed.pb -rpx top_level_drc_routed.rpx
Command: report_drc -file top_level_drc_routed.rpt -pb top_level_drc_routed.pb -rpx top_level_drc_routed.rpx
INFO: [IP_Flow 19-1839] IP Catalog is up to date.
INFO: [DRC 23-27] Running DRC with 2 threads
INFO: [Vivado_Tcl 2-168] The results of DRC are in file D:/WORK/Project/8080LCD/8080LCD.runs/impl_1/top_level_drc_routed.rpt.
report_drc completed successfully
INFO: [Vivado 12-24828] Executing command : report_methodology -file top_level_methodology_drc_routed.rpt -pb top_level_methodology_drc_routed.pb -rpx top_level_methodology_drc_routed.rpx
Command: report_methodology -file top_level_methodology_drc_routed.rpt -pb top_level_methodology_drc_routed.pb -rpx top_level_methodology_drc_routed.rpx
INFO: [Timing 38-35] Done setting XDC timing constraints.
INFO: [DRC 23-133] Running Methodology with 2 threads
INFO: [Vivado_Tcl 2-1520] The results of Report Methodology are in file D:/WORK/Project/8080LCD/8080LCD.runs/impl_1/top_level_methodology_drc_routed.rpt.
report_methodology completed successfully
INFO: [Vivado 12-24828] Executing command : report_timing_summary -max_paths 10 -report_unconstrained -file top_level_timing_summary_routed.rpt -pb top_level_timing_summary_routed.pb -rpx top_level_timing_summary_routed.rpx -warn_on_violation 
INFO: [Timing 38-35] Done setting XDC timing constraints.
INFO: [Timing 38-91] UpdateTimingParams: Speed grade: -1, Delay Type: min_max.
INFO: [Timing 38-191] Multithreading enabled for timing update using a maximum of 2 CPUs
CRITICAL WARNING: [Timing 38-282] The design failed to meet the timing requirements. Please see the timing summary report for details on the timing violations.
INFO: [Vivado 12-24838] Running report commands "report_incremental_reuse, report_route_status" in parallel.
Running report generation with 2 threads.
INFO: [Vivado 12-24828] Executing command : report_incremental_reuse -file top_level_incremental_reuse_routed.rpt
INFO: [Vivado_Tcl 4-1062] Incremental flow is disabled. No incremental reuse Info to report.
INFO: [Vivado 12-24828] Executing command : report_route_status -file top_level_route_status.rpt -pb top_level_route_status.pb
INFO: [Vivado 12-24828] Executing command : report_power -file top_level_power_routed.rpt -pb top_level_power_summary_routed.pb -rpx top_level_power_routed.rpx
Command: report_power -file top_level_power_routed.rpt -pb top_level_power_summary_routed.pb -rpx top_level_power_routed.rpx
Running Vector-less Activity Propagation...

Finished Running Vector-less Activity Propagation
251 Infos, 27 Warnings, 31 Critical Warnings and 0 Errors encountered.
report_power completed successfully
INFO: [Vivado 12-24828] Executing command : report_clock_utilization -file top_level_clock_utilization_routed.rpt
INFO: [Vivado 12-24828] Executing command : report_bus_skew -warn_on_violation -file top_level_bus_skew_routed.rpt -pb top_level_bus_skew_routed.pb -rpx top_level_bus_skew_routed.rpx
INFO: [Timing 38-91] UpdateTimingParams: Speed grade: -1, Delay Type: min_max.
INFO: [Timing 38-191] Multithreading enabled for timing update using a maximum of 2 CPUs
generate_parallel_reports: Time (s): cpu = 00:00:09 ; elapsed = 00:00:05 . Memory (MB): peak = 2368.613 ; gain = 0.000
INFO: [Timing 38-480] Writing timing data to binary archive.
Write ShapeDB Complete: Time (s): cpu = 00:00:00 ; elapsed = 00:00:00.003 . Memory (MB): peak = 2368.613 ; gain = 0.000
Wrote PlaceDB: Time (s): cpu = 00:00:01 ; elapsed = 00:00:00.123 . Memory (MB): peak = 2368.613 ; gain = 0.000
Wrote PulsedLatchDB: Time (s): cpu = 00:00:00 ; elapsed = 00:00:00 . Memory (MB): peak = 2368.613 ; gain = 0.000
Writing XDEF routing.
Writing XDEF routing logical nets.
Writing XDEF routing special nets.
Wrote RouteStorage: Time (s): cpu = 00:00:00 ; elapsed = 00:00:00.028 . Memory (MB): peak = 2368.613 ; gain = 0.000
Wrote Netlist Cache: Time (s): cpu = 00:00:00 ; elapsed = 00:00:00.005 . Memory (MB): peak = 2368.613 ; gain = 0.000
Wrote Device Cache: Time (s): cpu = 00:00:00 ; elapsed = 00:00:00.007 . Memory (MB): peak = 2368.613 ; gain = 0.000
Write Physdb Complete: Time (s): cpu = 00:00:01 ; elapsed = 00:00:00.168 . Memory (MB): peak = 2368.613 ; gain = 0.000
INFO: [Common 17-1381] The checkpoint 'D:/WORK/Project/8080LCD/8080LCD.runs/impl_1/top_level_routed.dcp' has been generated.
INFO: [Common 17-206] Exiting Vivado at Sun May 24 23:06:25 2026...

*** Running vivado
    with args -log top_level.vdi -applog -m64 -product Vivado -messageDb vivado.pb -mode batch -source top_level.tcl -notrace



****** Vivado v2024.2.2 (64-bit)
  **** SW Build 6060944 on Thu Mar 06 19:10:01 MST 2025
  **** IP Build 6050500 on Thu Mar  6 23:33:39 MST 2025
  **** SharedData Build 6060542 on Thu Mar 06 10:31:07 MST 2025
  **** Start of session at: Sun May 24 23:07:01 2026
    ** Copyright 1986-2022 Xilinx, Inc. All Rights Reserved.
    ** Copyright 2022-2025 Advanced Micro Devices, Inc. All Rights Reserved.

source top_level.tcl -notrace
Command: open_checkpoint top_level_routed.dcp
INFO: [Device 21-403] Loading part xc7a35tcsg325-1
Netlist sorting complete. Time (s): cpu = 00:00:00 ; elapsed = 00:00:00.012 . Memory (MB): peak = 531.598 ; gain = 0.000
INFO: [Netlist 29-17] Analyzing 357 Unisim elements for replacement
INFO: [Netlist 29-28] Unisim Transformation completed in 0 CPU seconds
INFO: [Project 1-479] Netlist was created with Vivado 2024.2.2
INFO: [Project 1-570] Preparing netlist for logic optimization
Read ShapeDB Complete: Time (s): cpu = 00:00:00 ; elapsed = 00:00:00.005 . Memory (MB): peak = 624.660 ; gain = 0.441
INFO: [Timing 38-478] Restoring timing data from binary archive.
INFO: [Timing 38-479] Binary timing data restore complete.
INFO: [Project 1-856] Restoring constraints from binary archive.
INFO: [Project 1-853] Binary constraint restore complete.
INFO: [Designutils 20-5722] Start Reading Physical Databases.
Reading placement.
Read Netlist Cache: Time (s): cpu = 00:00:00 ; elapsed = 00:00:00.002 . Memory (MB): peak = 1192.719 ; gain = 0.000
Reading placer database...
Read Device Cache: Time (s): cpu = 00:00:00 ; elapsed = 00:00:00.005 . Memory (MB): peak = 1192.719 ; gain = 0.000
Read PlaceDB: Time (s): cpu = 00:00:00 ; elapsed = 00:00:00.074 . Memory (MB): peak = 1192.719 ; gain = 0.000
Read PulsedLatchDB: Time (s): cpu = 00:00:00 ; elapsed = 00:00:00 . Memory (MB): peak = 1192.719 ; gain = 0.000
Reading routing.
Read RouteStorage: Time (s): cpu = 00:00:00 ; elapsed = 00:00:00.023 . Memory (MB): peak = 1192.719 ; gain = 0.000
Read Physdb Files: Time (s): cpu = 00:00:00 ; elapsed = 00:00:00.113 . Memory (MB): peak = 1192.719 ; gain = 0.000
Restored from archive | CPU: 0.000000 secs | Memory: 0.000000 MB |
Finished XDEF File Restore: Time (s): cpu = 00:00:00 ; elapsed = 00:00:00.149 . Memory (MB): peak = 1192.719 ; gain = 7.809
Netlist sorting complete. Time (s): cpu = 00:00:00 ; elapsed = 00:00:00 . Memory (MB): peak = 1192.719 ; gain = 0.000
INFO: [Project 1-111] Unisim Transformation Summary:
No Unisim elements were transformed.

INFO: [Project 1-604] Checkpoint was created with Vivado v2024.2.2 (64-bit) build 6060944
open_checkpoint: Time (s): cpu = 00:00:07 ; elapsed = 00:00:08 . Memory (MB): peak = 1192.719 ; gain = 915.074
Command: write_bitstream -force top_level.bit -raw_bitfile -bin_file
Attempting to get a license for feature 'Implementation' and/or device 'xc7a35t'
INFO: [Common 17-349] Got license for feature 'Implementation' and/or device 'xc7a35t'
Running DRC as a precondition to command write_bitstream
INFO: [IP_Flow 19-234] Refreshing IP repositories
INFO: [IP_Flow 19-1704] No user IP repositories specified
INFO: [IP_Flow 19-2313] Loaded Vivado IP repository 'D:/Xilinx/Vivado/2024.2/data/ip'.
INFO: [DRC 23-27] Running DRC with 2 threads
INFO: [Vivado 12-3199] DRC finished with 0 Errors
INFO: [Vivado 12-3200] Please refer to the DRC report (report_drc) for more information.
INFO: [Designutils 20-2272] Running write_bitstream with 2 threads.
Loading data files...
Loading site data...
Loading route data...
Processing options...
Creating bitmap...
Creating bitstream...
Writing bitstream ./top_level.bit...
Writing bitstream ./top_level.rbt...
Writing bitstream ./top_level.bin...
INFO: [Vivado 12-1842] Bitgen Completed Successfully.
INFO: [Project 1-1876] WebTalk data collection is mandatory when using a ULT device. To see the specific WebTalk data collected for your design, open the usage_statistics_webtalk.html or usage_statistics_webtalk.xml file in the implementation directory.
INFO: [Common 17-83] Releasing license: Implementation
23 Infos, 0 Warnings, 0 Critical Warnings and 0 Errors encountered.
write_bitstream completed successfully
write_bitstream: Time (s): cpu = 00:00:11 ; elapsed = 00:00:09 . Memory (MB): peak = 1757.406 ; gain = 564.688
INFO: [Common 17-206] Exiting Vivado at Sun May 24 23:07:19 2026...
