Copyright 1986-2022 Xilinx, Inc. All Rights Reserved. Copyright 2022-2025 Advanced Micro Devices, Inc. All Rights Reserved.
---------------------------------------------------------------------------------------------------------------------------------------------
| Tool Version : Vivado v.2024.2.2 (win64) Build 6060944 Thu Mar 06 19:10:01 MST 2025
| Date         : Tue Oct 14 00:05:25 2025
| Host         : A8 running 64-bit major release  (build 9200)
| Command      : report_control_sets -verbose -file top_level_control_sets_placed.rpt
| Design       : top_level
| Device       : xc7a35t
---------------------------------------------------------------------------------------------------------------------------------------------

Control Set Information

Table of Contents
-----------------
1. Summary
2. Histogram
3. Flip-Flop Distribution
4. Detailed Control Set Information

1. Summary
----------

+----------------------------------------------------------+-------+
|                          Status                          | Count |
+----------------------------------------------------------+-------+
| Total control sets                                       |    49 |
|    Minimum number of control sets                        |    49 |
|    Addition due to synthesis replication                 |     0 |
|    Addition due to physical synthesis replication        |     0 |
| Unused register locations in slices containing registers |   207 |
+----------------------------------------------------------+-------+
* Control sets can be merged at opt_design using control_set_merge or merge_equivalent_drivers
** Run report_qor_suggestions for automated merging and remapping suggestions


2. Histogram
------------

+--------------------+-------+
|       Fanout       | Count |
+--------------------+-------+
| Total control sets |    49 |
| >= 0 to < 4        |    17 |
| >= 4 to < 6        |     8 |
| >= 6 to < 8        |     3 |
| >= 8 to < 10       |     1 |
| >= 10 to < 12      |     0 |
| >= 12 to < 14      |     4 |
| >= 14 to < 16      |     3 |
| >= 16              |    13 |
+--------------------+-------+
* Control sets can be remapped at either synth_design or opt_design


3. Flip-Flop Distribution
-------------------------

+--------------+-----------------------+------------------------+-----------------+--------------+
| Clock Enable | Synchronous Set/Reset | Asynchronous Set/Reset | Total Registers | Total Slices |
+--------------+-----------------------+------------------------+-----------------+--------------+
| No           | No                    | No                     |              16 |            9 |
| No           | No                    | Yes                    |              76 |           25 |
| No           | Yes                   | No                     |               0 |            0 |
| Yes          | No                    | No                     |              35 |           13 |
| Yes          | No                    | Yes                    |             394 |          130 |
| Yes          | Yes                   | No                     |               0 |            0 |
+--------------+-----------------------+------------------------+-----------------+--------------+


4. Detailed Control Set Information
-----------------------------------

+-------------------------------------+--------------------------------------------------+-----------------------------------+------------------+----------------+--------------+
|             Clock Signal            |                   Enable Signal                  |          Set/Reset Signal         | Slice Load Count | Bel Load Count | Bels / Slice |
+-------------------------------------+--------------------------------------------------+-----------------------------------+------------------+----------------+--------------+
|  clk_IBUF_BUFG                      | touch_inst/Dtmp[3]_i_1_n_0                       | lcd_inst/cmd_ndata_writer/reset_n |                1 |              1 |         1.00 |
|  clk_IBUF_BUFG                      | touch_inst/Dtmp[0]_i_1_n_0                       | lcd_inst/cmd_ndata_writer/reset_n |                1 |              1 |         1.00 |
|  clk_IBUF_BUFG                      | touch_inst/Dtmp[10]_i_1_n_0                      | lcd_inst/cmd_ndata_writer/reset_n |                1 |              1 |         1.00 |
|  clk_IBUF_BUFG                      | touch_inst/Dtmp[9]_i_1_n_0                       | lcd_inst/cmd_ndata_writer/reset_n |                1 |              1 |         1.00 |
|  clk_IBUF_BUFG                      | touch_inst/Dtmp[2]_i_1_n_0                       | lcd_inst/cmd_ndata_writer/reset_n |                1 |              1 |         1.00 |
|  clk_IBUF_BUFG                      | touch_inst/Dtmp[8]_i_1_n_0                       | lcd_inst/cmd_ndata_writer/reset_n |                1 |              1 |         1.00 |
|  clk_IBUF_BUFG                      | touch_inst/DIN0_out                              | lcd_inst/cmd_ndata_writer/reset_n |                1 |              1 |         1.00 |
|  clk_IBUF_BUFG                      | touch_inst/Dtmp[4]_i_1_n_0                       | lcd_inst/cmd_ndata_writer/reset_n |                1 |              1 |         1.00 |
|  clk_IBUF_BUFG                      | touch_inst/Dtmp[5]_i_1_n_0                       | lcd_inst/cmd_ndata_writer/reset_n |                1 |              1 |         1.00 |
|  clk_IBUF_BUFG                      | touch_inst/Dtmp[11]_i_1_n_0                      | lcd_inst/cmd_ndata_writer/reset_n |                1 |              1 |         1.00 |
|  clk_IBUF_BUFG                      | touch_inst/Dtmp[6]_i_1_n_0                       | lcd_inst/cmd_ndata_writer/reset_n |                1 |              1 |         1.00 |
|  clk_IBUF_BUFG                      | touch_inst/Dtmp[7]_i_1_n_0                       | lcd_inst/cmd_ndata_writer/reset_n |                1 |              1 |         1.00 |
|  clk_IBUF_BUFG                      | touch_inst/Dtmp[1]_i_1_n_0                       | lcd_inst/cmd_ndata_writer/reset_n |                1 |              1 |         1.00 |
|  clk_IBUF_BUFG                      | touch_inst/DCLK1_out                             | lcd_inst/cmd_ndata_writer/reset_n |                1 |              1 |         1.00 |
|  lcd_inst/lcd_clk_pll/inst/clk_out1 |                                                  |                                   |                1 |              1 |         1.00 |
|  lcd_inst/lcd_clk_pll/inst/clk_out1 | lcd_inst/LCD_RESET_reg                           | lcd_inst/cmd_ndata_writer/reset_n |                1 |              1 |         1.00 |
|  lcd_inst/lcd_clk_pll/inst/clk_out1 | lcd_inst/LCD_BL_reg_i_1_n_0                      | lcd_inst/cmd_ndata_writer/reset_n |                1 |              1 |         1.00 |
|  clk_IBUF_BUFG                      | number[0][3]_i_1_n_0                             | lcd_inst/cmd_ndata_writer/reset_n |                1 |              4 |         4.00 |
|  clk_IBUF_BUFG                      | number[2][3]_i_1_n_0                             | lcd_inst/cmd_ndata_writer/reset_n |                2 |              4 |         2.00 |
|  clk_IBUF_BUFG                      | number[4][3]_i_1_n_0                             | lcd_inst/cmd_ndata_writer/reset_n |                1 |              4 |         4.00 |
|  clk_IBUF_BUFG                      | number[3][3]_i_1_n_0                             | lcd_inst/cmd_ndata_writer/reset_n |                1 |              4 |         4.00 |
|  clk_IBUF_BUFG                      | number[1][3]_i_1_n_0                             | lcd_inst/cmd_ndata_writer/reset_n |                2 |              4 |         2.00 |
|  lcd_inst/lcd_clk_pll/inst/clk_out1 | lcd_inst/cmd_ndata_writer/LCD_DATA[15]_i_1_n_0   | lcd_inst/cmd_ndata_writer/reset_n |                1 |              4 |         4.00 |
|  clk_IBUF_BUFG                      | bram_base_addra[17]_i_1_n_0                      |                                   |                3 |              5 |         1.67 |
|  lcd_inst/lcd_clk_pll/inst/clk_out1 | lcd_inst/cmd_ndata_writer/E[0]                   | lcd_inst/cmd_ndata_writer/reset_n |                2 |              5 |         2.50 |
|  clk_IBUF_BUFG                      | touch_inst/CLK_GEN_CNT[5]_i_1_n_0                | lcd_inst/cmd_ndata_writer/reset_n |                3 |              6 |         2.00 |
|  clk_IBUF_BUFG                      | touch_inst/CONV_CNT[5]_i_1_n_0                   | lcd_inst/cmd_ndata_writer/reset_n |                2 |              6 |         3.00 |
|  clk_IBUF_BUFG                      | draw_step[5]_i_1_n_0                             | lcd_inst/cmd_ndata_writer/reset_n |                2 |              6 |         3.00 |
|  lcd_inst/lcd_clk_pll/inst/clk_out1 | lcd_inst/write_data[7]_i_1_n_0                   | lcd_inst/cmd_ndata_writer/reset_n |                4 |              8 |         2.00 |
|  clk_IBUF_BUFG                      | touch_inst/X_MIN[11]_i_1_n_0                     | lcd_inst/cmd_ndata_writer/reset_n |                2 |             12 |         6.00 |
|  clk_IBUF_BUFG                      | touch_inst/Y_MAX[11]_i_1_n_0                     | lcd_inst/cmd_ndata_writer/reset_n |                3 |             12 |         4.00 |
|  clk_IBUF_BUFG                      | touch_inst/Y_MIN[11]_i_1_n_0                     | lcd_inst/cmd_ndata_writer/reset_n |                4 |             12 |         3.00 |
|  clk_IBUF_BUFG                      | touch_inst/X_MAX[11]_i_1_n_0                     | lcd_inst/cmd_ndata_writer/reset_n |                3 |             12 |         4.00 |
|  lcd_inst/lcd_clk_pll/inst/clk_out1 | lcd_inst/cmd_data_reg[15]_i_1_n_0                | lcd_inst/cmd_ndata_writer/reset_n |                6 |             14 |         2.33 |
|  lcd_inst/lcd_clk_pll/inst/clk_out1 | lcd_inst/cmd_writer/LCD_DATA[15]_i_1__1_n_0      |                                   |                5 |             14 |         2.80 |
|  clk_IBUF_BUFG                      |                                                  |                                   |                8 |             15 |         1.88 |
|  clk_IBUF_BUFG                      | touch_inst/tmp_X_Value[0]_i_1_n_0                | lcd_inst/cmd_ndata_writer/reset_n |                4 |             16 |         4.00 |
|  clk_IBUF_BUFG                      | touch_inst/tmp_Y_Value[0]_i_1_n_0                | lcd_inst/cmd_ndata_writer/reset_n |                4 |             16 |         4.00 |
|  lcd_inst/lcd_clk_pll/inst/clk_out1 | lcd_inst/cmd_data_writer/LCD_DATA[15]_i_1__0_n_0 |                                   |                5 |             16 |         3.20 |
|  clk_IBUF_BUFG                      | lcd_inst/E[0]                                    | lcd_inst/cmd_ndata_writer/reset_n |                4 |             18 |         4.50 |
|  lcd_inst/lcd_clk_pll/inst/clk_out1 | lcd_inst/state_reg[4]_0                          | lcd_inst/cmd_ndata_writer/reset_n |                7 |             18 |         2.57 |
|  lcd_inst/lcd_clk_pll/inst/clk_out1 | lcd_inst/cmd_data_writer/E[0]                    | lcd_inst/cmd_ndata_writer/reset_n |                5 |             18 |         3.60 |
|  clk_IBUF_BUFG                      | x_start[9]_i_1_n_0                               | lcd_inst/cmd_ndata_writer/reset_n |               15 |             31 |         2.07 |
|  lcd_inst/lcd_clk_pll/inst/clk_out1 | lcd_inst/cmd_ndata_writer/data_count[31]_i_1_n_0 | lcd_inst/cmd_ndata_writer/reset_n |                4 |             32 |         8.00 |
|  lcd_inst/lcd_clk_pll/inst/clk_out1 | lcd_inst/cmd_writer/E[0]                         | lcd_inst/cmd_ndata_writer/reset_n |               13 |             32 |         2.46 |
|  lcd_inst/lcd_clk_pll/inst/clk_out1 | lcd_inst/pixel_count                             | lcd_inst/cmd_ndata_writer/reset_n |                8 |             32 |         4.00 |
|  lcd_inst/lcd_clk_pll/inst/clk_out1 |                                                  | lcd_inst/cmd_ndata_writer/reset_n |               13 |             35 |         2.69 |
|  clk_IBUF_BUFG                      |                                                  | lcd_inst/cmd_ndata_writer/reset_n |               12 |             41 |         3.42 |
|  clk_IBUF_BUFG                      | touch_inst/r_Get_Flag                            | lcd_inst/cmd_ndata_writer/reset_n |               11 |             48 |         4.36 |
+-------------------------------------+--------------------------------------------------+-----------------------------------+------------------+----------------+--------------+


