Copyright 1986-2022 Xilinx, Inc. All Rights Reserved. Copyright 2022-2025 Advanced Micro Devices, Inc. All Rights Reserved.
---------------------------------------------------------------------------------------------------------------------------------------------
| Tool Version : Vivado v.2024.2.2 (win64) Build 6060944 Thu Mar 06 19:10:01 MST 2025
| Date         : Wed Sep 24 23:20:20 2025
| Host         : LAPTOP-7GKHMVFU running 64-bit major release  (build 9200)
| Command      : report_control_sets -verbose -file top_level_control_sets_placed.rpt
| Design       : top_level
| Device       : xc7a35t
---------------------------------------------------------------------------------------------------------------------------------------------

Control Set Information

Table of Contents
-----------------
1. Summary
2. Histogram
3. Flip-Flop Distribution
4. Detailed Control Set Information

1. Summary
----------

+----------------------------------------------------------+-------+
|                          Status                          | Count |
+----------------------------------------------------------+-------+
| Total control sets                                       |    85 |
|    Minimum number of control sets                        |    85 |
|    Addition due to synthesis replication                 |     0 |
|    Addition due to physical synthesis replication        |     0 |
| Unused register locations in slices containing registers |   481 |
+----------------------------------------------------------+-------+
* Control sets can be merged at opt_design using control_set_merge or merge_equivalent_drivers
** Run report_qor_suggestions for automated merging and remapping suggestions


2. Histogram
------------

+--------------------+-------+
|       Fanout       | Count |
+--------------------+-------+
| Total control sets |    85 |
| >= 0 to < 4        |    59 |
| >= 4 to < 6        |     7 |
| >= 6 to < 8        |     3 |
| >= 8 to < 10       |     5 |
| >= 10 to < 12      |     0 |
| >= 12 to < 14      |     0 |
| >= 14 to < 16      |     2 |
| >= 16              |     9 |
+--------------------+-------+
* Control sets can be remapped at either synth_design or opt_design


3. Flip-Flop Distribution
-------------------------

+--------------+-----------------------+------------------------+-----------------+--------------+
| Clock Enable | Synchronous Set/Reset | Asynchronous Set/Reset | Total Registers | Total Slices |
+--------------+-----------------------+------------------------+-----------------+--------------+
| No           | No                    | No                     |              11 |            6 |
| No           | No                    | Yes                    |             108 |           46 |
| No           | Yes                   | No                     |              18 |           18 |
| Yes          | No                    | No                     |              30 |            9 |
| Yes          | No                    | Yes                    |             256 |           98 |
| Yes          | Yes                   | No                     |               8 |            3 |
+--------------+-----------------------+------------------------+-----------------+--------------+


4. Detailed Control Set Information
-----------------------------------

+-------------------------------------+----------------------------------------------------------+-----------------------------------------------+------------------+----------------+--------------+
|             Clock Signal            |                       Enable Signal                      |                Set/Reset Signal               | Slice Load Count | Bel Load Count | Bels / Slice |
+-------------------------------------+----------------------------------------------------------+-----------------------------------------------+------------------+----------------+--------------+
|  bram_addra_reg[10]_LDC_i_1_n_0     |                                                          | bram_addra_reg[10]_LDC_i_2_n_0                |                1 |              1 |         1.00 |
|  bram_addra_reg[0]_LDC_i_1_n_0      |                                                          | bram_addra_reg[0]_LDC_i_2_n_0                 |                1 |              1 |         1.00 |
|  bram_addra_reg[16]_LDC_i_1_n_0     |                                                          | bram_addra_reg[16]_LDC_i_2_n_0                |                1 |              1 |         1.00 |
|  bram_addra_reg[13]_LDC_i_1_n_0     |                                                          | bram_addra_reg[13]_LDC_i_2_n_0                |                1 |              1 |         1.00 |
|  bram_addra_reg[14]_LDC_i_1_n_0     |                                                          | bram_addra_reg[14]_LDC_i_2_n_0                |                1 |              1 |         1.00 |
|  bram_addra_reg[3]_LDC_i_1_n_0      |                                                          | bram_addra_reg[3]_LDC_i_2_n_0                 |                1 |              1 |         1.00 |
|  bram_addra_reg[4]_LDC_i_1_n_0      |                                                          | bram_addra_reg[4]_LDC_i_2_n_0                 |                1 |              1 |         1.00 |
|  bram_addra_reg[6]_LDC_i_1_n_0      |                                                          | bram_addra_reg[6]_LDC_i_2_n_0                 |                1 |              1 |         1.00 |
|  bram_addra_reg[11]_LDC_i_1_n_0     |                                                          | bram_addra_reg[11]_LDC_i_2_n_0                |                1 |              1 |         1.00 |
|  bram_addra_reg[5]_LDC_i_1_n_0      |                                                          | bram_addra_reg[5]_LDC_i_2_n_0                 |                1 |              1 |         1.00 |
|  bram_addra_reg[1]_LDC_i_1_n_0      |                                                          | bram_addra_reg[1]_LDC_i_2_n_0                 |                1 |              1 |         1.00 |
|  bram_addra_reg[12]_LDC_i_1_n_0     |                                                          | bram_addra_reg[12]_LDC_i_2_n_0                |                1 |              1 |         1.00 |
|  bram_addra_reg[2]_LDC_i_1_n_0      |                                                          | bram_addra_reg[2]_LDC_i_2_n_0                 |                1 |              1 |         1.00 |
|  bram_addra_reg[17]_LDC_i_1_n_0     |                                                          | bram_addra_reg[17]_LDC_i_2_n_0                |                1 |              1 |         1.00 |
|  bram_addra_reg[15]_LDC_i_1_n_0     |                                                          | bram_addra_reg[15]_LDC_i_2_n_0                |                1 |              1 |         1.00 |
|  bram_addra_reg[7]_LDC_i_1_n_0      |                                                          | bram_addra_reg[7]_LDC_i_2_n_0                 |                1 |              1 |         1.00 |
|  bram_addra_reg[9]_LDC_i_1_n_0      |                                                          | bram_addra_reg[9]_LDC_i_2_n_0                 |                1 |              1 |         1.00 |
|  lcd_inst/lcd_clk_pll/inst/clk_out1 | lcd_inst/bram_addra                                      | bram_addra_reg[6]_LDC_i_1_n_0                 |                1 |              1 |         1.00 |
|  lcd_inst/lcd_clk_pll/inst/clk_out1 | lcd_inst/bram_addra                                      | bram_addra_reg[11]_LDC_i_1_n_0                |                1 |              1 |         1.00 |
|  lcd_inst/lcd_clk_pll/inst/clk_out1 | lcd_inst/bram_addra                                      | bram_addra_reg[5]_LDC_i_1_n_0                 |                1 |              1 |         1.00 |
|  lcd_inst/lcd_clk_pll/inst/clk_out1 | lcd_inst/bram_addra                                      | bram_addra_reg[1]_LDC_i_1_n_0                 |                1 |              1 |         1.00 |
|  lcd_inst/lcd_clk_pll/inst/clk_out1 | lcd_inst/bram_addra                                      | bram_addra_reg[12]_LDC_i_1_n_0                |                1 |              1 |         1.00 |
|  clk_IBUF_BUFG                      | touch_inst/DIN0_out                                      | lcd_inst/cmd_ndata_writer/reset_n             |                1 |              1 |         1.00 |
|  clk_IBUF_BUFG                      | touch_inst/DCLK1_out                                     | lcd_inst/cmd_ndata_writer/reset_n             |                1 |              1 |         1.00 |
|  lcd_inst/lcd_clk_pll/inst/clk_out1 | lcd_inst/bram_addra                                      | bram_addra_reg[2]_LDC_i_1_n_0                 |                1 |              1 |         1.00 |
|  lcd_inst/lcd_clk_pll/inst/clk_out1 | lcd_inst/bram_addra                                      | bram_addra_reg[17]_LDC_i_1_n_0                |                1 |              1 |         1.00 |
|  lcd_inst/lcd_clk_pll/inst/clk_out1 | lcd_inst/bram_addra                                      | bram_addra_reg[15]_LDC_i_1_n_0                |                1 |              1 |         1.00 |
|  lcd_inst/lcd_clk_pll/inst/clk_out1 | lcd_inst/bram_addra                                      | bram_addra_reg[7]_LDC_i_1_n_0                 |                1 |              1 |         1.00 |
|  lcd_inst/lcd_clk_pll/inst/clk_out1 | lcd_inst/bram_addra                                      | bram_addra_reg[9]_LDC_i_1_n_0                 |                1 |              1 |         1.00 |
|  bram_addra_reg[8]_LDC_i_1_n_0      |                                                          | bram_addra_reg[8]_LDC_i_2_n_0                 |                1 |              1 |         1.00 |
|  lcd_inst/lcd_clk_pll/inst/clk_out1 | lcd_inst/bram_addra                                      | bram_addra_reg[8]_LDC_i_1_n_0                 |                1 |              1 |         1.00 |
|  lcd_inst/lcd_clk_pll/inst/clk_out1 | lcd_inst/LCD_RESET_reg                                   | lcd_inst/cmd_ndata_writer/reset_n             |                1 |              1 |         1.00 |
|  lcd_inst/lcd_clk_pll/inst/clk_out1 |                                                          | bram_addra_reg[10]_LDC_i_2_n_0                |                1 |              1 |         1.00 |
|  lcd_inst/lcd_clk_pll/inst/clk_out1 |                                                          | bram_addra_reg[0]_LDC_i_2_n_0                 |                1 |              1 |         1.00 |
|  lcd_inst/lcd_clk_pll/inst/clk_out1 |                                                          | bram_addra_reg[2]_LDC_i_2_n_0                 |                1 |              1 |         1.00 |
|  lcd_inst/lcd_clk_pll/inst/clk_out1 |                                                          | bram_addra_reg[4]_LDC_i_2_n_0                 |                1 |              1 |         1.00 |
|  lcd_inst/lcd_clk_pll/inst/clk_out1 |                                                          | bram_addra_reg[15]_LDC_i_2_n_0                |                1 |              1 |         1.00 |
|  lcd_inst/lcd_clk_pll/inst/clk_out1 |                                                          | bram_addra_reg[5]_LDC_i_2_n_0                 |                1 |              1 |         1.00 |
|  lcd_inst/lcd_clk_pll/inst/clk_out1 |                                                          | bram_addra_reg[17]_LDC_i_2_n_0                |                1 |              1 |         1.00 |
|  lcd_inst/lcd_clk_pll/inst/clk_out1 |                                                          | bram_addra_reg[6]_LDC_i_2_n_0                 |                1 |              1 |         1.00 |
|  lcd_inst/lcd_clk_pll/inst/clk_out1 |                                                          | bram_addra_reg[1]_LDC_i_2_n_0                 |                1 |              1 |         1.00 |
|  lcd_inst/lcd_clk_pll/inst/clk_out1 |                                                          | bram_addra_reg[13]_LDC_i_2_n_0                |                1 |              1 |         1.00 |
|  lcd_inst/lcd_clk_pll/inst/clk_out1 |                                                          | bram_addra_reg[11]_LDC_i_2_n_0                |                1 |              1 |         1.00 |
|  lcd_inst/lcd_clk_pll/inst/clk_out1 |                                                          | bram_addra_reg[3]_LDC_i_2_n_0                 |                1 |              1 |         1.00 |
|  lcd_inst/lcd_clk_pll/inst/clk_out1 |                                                          | bram_addra_reg[16]_LDC_i_2_n_0                |                1 |              1 |         1.00 |
|  lcd_inst/lcd_clk_pll/inst/clk_out1 |                                                          | bram_addra_reg[12]_LDC_i_2_n_0                |                1 |              1 |         1.00 |
|  lcd_inst/lcd_clk_pll/inst/clk_out1 |                                                          | bram_addra_reg[14]_LDC_i_2_n_0                |                1 |              1 |         1.00 |
|  lcd_inst/lcd_clk_pll/inst/clk_out1 |                                                          | bram_addra_reg[7]_LDC_i_2_n_0                 |                1 |              1 |         1.00 |
|  lcd_inst/lcd_clk_pll/inst/clk_out1 |                                                          | bram_addra_reg[8]_LDC_i_2_n_0                 |                1 |              1 |         1.00 |
|  lcd_inst/lcd_clk_pll/inst/clk_out1 |                                                          | bram_addra_reg[9]_LDC_i_2_n_0                 |                1 |              1 |         1.00 |
|  lcd_inst/lcd_clk_pll/inst/clk_out1 | lcd_inst/LCD_BL_reg_i_1_n_0                              | lcd_inst/cmd_ndata_writer/reset_n             |                1 |              1 |         1.00 |
|  lcd_inst/lcd_clk_pll/inst/clk_out1 | lcd_inst/bram_addra                                      | bram_addra_reg[10]_LDC_i_1_n_0                |                1 |              1 |         1.00 |
|  lcd_inst/lcd_clk_pll/inst/clk_out1 | lcd_inst/bram_addra                                      | bram_addra_reg[0]_LDC_i_1_n_0                 |                1 |              1 |         1.00 |
|  lcd_inst/lcd_clk_pll/inst/clk_out1 | lcd_inst/bram_addra                                      | bram_addra_reg[16]_LDC_i_1_n_0                |                1 |              1 |         1.00 |
|  lcd_inst/lcd_clk_pll/inst/clk_out1 | lcd_inst/bram_addra                                      | bram_addra_reg[13]_LDC_i_1_n_0                |                1 |              1 |         1.00 |
|  lcd_inst/lcd_clk_pll/inst/clk_out1 | lcd_inst/bram_addra                                      | bram_addra_reg[14]_LDC_i_1_n_0                |                1 |              1 |         1.00 |
|  lcd_inst/lcd_clk_pll/inst/clk_out1 | lcd_inst/bram_addra                                      | bram_addra_reg[3]_LDC_i_1_n_0                 |                1 |              1 |         1.00 |
|  lcd_inst/lcd_clk_pll/inst/clk_out1 | lcd_inst/bram_addra                                      | bram_addra_reg[4]_LDC_i_1_n_0                 |                1 |              1 |         1.00 |
|  lcd_inst/lcd_clk_pll/inst/clk_out1 |                                                          |                                               |                2 |              2 |         1.00 |
|  clk_IBUF_BUFG                      | keypad_inst/Scanner/Data[10]                             | lcd_inst/cmd_ndata_writer/reset_n             |                1 |              4 |         4.00 |
|  clk_IBUF_BUFG                      | keypad_inst/Scanner/Data[0]                              | lcd_inst/cmd_ndata_writer/reset_n             |                1 |              4 |         4.00 |
|  clk_IBUF_BUFG                      | keypad_inst/Scanner/Data[13]                             | lcd_inst/cmd_ndata_writer/reset_n             |                1 |              4 |         4.00 |
|  clk_IBUF_BUFG                      | keypad_inst/Scanner/Data[5]                              | lcd_inst/cmd_ndata_writer/reset_n             |                1 |              4 |         4.00 |
|  clk_IBUF_BUFG                      | keypad_inst/Scanner/Sum                                  | lcd_inst/cmd_ndata_writer/reset_n             |                2 |              4 |         2.00 |
|  lcd_inst/lcd_clk_pll/inst/clk_out1 | lcd_inst/cmd_ndata_writer/LCD_DATA[15]_i_1__0_n_0        | lcd_inst/cmd_ndata_writer/reset_n             |                1 |              4 |         4.00 |
|  lcd_inst/lcd_clk_pll/inst/clk_out1 | lcd_inst/cmd_writer/E[0]                                 | lcd_inst/cmd_ndata_writer/reset_n             |                1 |              5 |         5.00 |
|  clk_IBUF_BUFG                      | touch_inst/CONV_CNT[5]_i_1_n_0                           | lcd_inst/cmd_ndata_writer/reset_n             |                2 |              6 |         3.00 |
|  clk_IBUF_BUFG                      | touch_inst/CLK_GEN_CNT[5]_i_1_n_0                        | lcd_inst/cmd_ndata_writer/reset_n             |                2 |              6 |         3.00 |
|  lcd_inst/lcd_clk_pll/inst/clk_out1 | lcd_inst/cmd_ndata_writer/E[0]                           | lcd_inst/cmd_ndata_writer/reset_n             |                2 |              6 |         3.00 |
|  lcd_inst/lcd_clk_pll/inst/clk_out1 | onesecpulse0_out                                         |                                               |                3 |              8 |         2.67 |
|  lcd_inst/lcd_clk_pll/inst/clk_out1 | lcd_inst/cmd_data_writer/LCD_DATA[7]_i_1_n_0             |                                               |                2 |              8 |         4.00 |
|  lcd_inst/lcd_clk_pll/inst/clk_out1 | lcd_inst/cmd_data_writer/LCD_DATA[7]_i_1_n_0             | lcd_inst/cmd_data_writer/LCD_DATA[15]_i_1_n_0 |                3 |              8 |         2.67 |
|  clk_IBUF_BUFG                      |                                                          |                                               |                4 |              9 |         2.25 |
|  lcd_inst/lcd_clk_pll/inst/clk_out1 | lcd_inst/write_data[15]_i_1_n_0                          | lcd_inst/cmd_ndata_writer/reset_n             |                3 |              9 |         3.00 |
|  lcd_inst/lcd_clk_pll/inst/clk_out1 | lcd_inst/cmd_data[15]_i_1_n_0                            | lcd_inst/cmd_ndata_writer/reset_n             |                8 |             14 |         1.75 |
|  lcd_inst/lcd_clk_pll/inst/clk_out1 | lcd_inst/cmd_writer/LCD_DATA[15]_i_1__1_n_0              |                                               |                4 |             14 |         3.50 |
|  clk_IBUF_BUFG                      |                                                          | keypad_inst/Scanner/LFSRReset_reg_0           |                3 |             16 |         5.33 |
|  lcd_inst/lcd_clk_pll/inst/clk_out1 | lcd_inst/state_reg[3]_0                                  | lcd_inst/cmd_ndata_writer/reset_n             |                6 |             18 |         3.00 |
|  lcd_inst/lcd_clk_pll/inst/clk_out1 | lcd_inst/cmd_data_writer/E[0]                            | lcd_inst/cmd_ndata_writer/reset_n             |                6 |             18 |         3.00 |
|  lcd_inst/lcd_clk_pll/inst/clk_out1 | lcd_inst/cmd_ndata_writer/data_count[31]_i_1_n_0         | lcd_inst/cmd_ndata_writer/reset_n             |                9 |             32 |         3.56 |
|  lcd_inst/lcd_clk_pll/inst/clk_out1 | lcd_inst/cmd_ndata_writer/FSM_sequential_state_reg[1][0] | lcd_inst/cmd_ndata_writer/reset_n             |               14 |             32 |         2.29 |
|  lcd_inst/lcd_clk_pll/inst/clk_out1 | lcd_inst/pixel_count                                     | lcd_inst/cmd_ndata_writer/reset_n             |                5 |             32 |         6.40 |
|  lcd_inst/lcd_clk_pll/inst/clk_out1 | lcd_inst/cmd_writer/state_reg[0][0]                      | lcd_inst/cmd_ndata_writer/reset_n             |               11 |             32 |         2.91 |
|  lcd_inst/lcd_clk_pll/inst/clk_out1 |                                                          | lcd_inst/cmd_ndata_writer/reset_n             |               16 |             36 |         2.25 |
|  clk_IBUF_BUFG                      |                                                          | lcd_inst/cmd_ndata_writer/reset_n             |                9 |             38 |         4.22 |
+-------------------------------------+----------------------------------------------------------+-----------------------------------------------+------------------+----------------+--------------+


