Copyright 1986-2022 Xilinx, Inc. All Rights Reserved. Copyright 2022-2025 Advanced Micro Devices, Inc. All Rights Reserved.
-------------------------------------------------------------------------------------------------------------------------------------------------
| Tool Version     : Vivado v.2024.2.2 (win64) Build 6060944 Thu Mar 06 19:10:01 MST 2025
| Date             : Sun May 24 22:07:06 2026
| Host             : A8 running 64-bit major release  (build 9200)
| Command          : report_power -file top_level_power_routed.rpt -pb top_level_power_summary_routed.pb -rpx top_level_power_routed.rpx
| Design           : top_level
| Device           : xc7a35tcsg325-1
| Design State     : routed
| Grade            : commercial
| Process          : typical
| Characterization : Production
-------------------------------------------------------------------------------------------------------------------------------------------------

Power Report

Table of Contents
-----------------
1. Summary
1.1 On-Chip Components
1.2 Power Supply Summary
1.3 Confidence Level
2. Settings
2.1 Environment
2.2 Clock Constraints
3. Detailed Reports
3.1 By Hierarchy

1. Summary
----------

+--------------------------+--------------+
| Total On-Chip Power (W)  | 0.253        |
| Design Power Budget (W)  | Unspecified* |
| Power Budget Margin (W)  | NA           |
| Dynamic (W)              | 0.180        |
| Device Static (W)        | 0.072        |
| Effective TJA (C/W)      | 4.8          |
| Max Ambient (C)          | 83.8         |
| Junction Temperature (C) | 26.2         |
| Confidence Level         | Low          |
| Setting File             | ---          |
| Simulation Activity File | ---          |
| Design Nets Matched      | NA           |
+--------------------------+--------------+
* Specify Design Power Budget using, set_operating_conditions -design_power_budget <value in Watts>


1.1 On-Chip Components
----------------------

+----------------+-----------+----------+-----------+-----------------+
| On-Chip        | Power (W) | Used     | Available | Utilization (%) |
+----------------+-----------+----------+-----------+-----------------+
| Clocks         |     0.005 |        7 |       --- |             --- |
| Slice Logic    |     0.002 |     2784 |       --- |             --- |
|   LUT as Logic |     0.001 |     1334 |     20800 |            6.41 |
|   CARRY4       |    <0.001 |      286 |      8150 |            3.51 |
|   Register     |    <0.001 |      830 |     41600 |            2.00 |
|   F7/F8 Muxes  |    <0.001 |       45 |     32600 |            0.14 |
|   Others       |     0.000 |       42 |       --- |             --- |
| Signals        |     0.002 |     2656 |       --- |             --- |
| Block RAM      |     0.008 |      8.5 |        50 |           17.00 |
| MMCM           |     0.110 |        1 |         5 |           20.00 |
| DSPs           |    <0.001 |        6 |        90 |            6.67 |
| I/O            |     0.054 |       72 |       150 |           48.00 |
| Static Power   |     0.072 |          |           |                 |
| Total          |     0.253 |          |           |                 |
+----------------+-----------+----------+-----------+-----------------+


1.2 Power Supply Summary
------------------------

+-----------+-------------+-----------+-------------+------------+-------------+-------------+------------+
| Source    | Voltage (V) | Total (A) | Dynamic (A) | Static (A) | Powerup (A) | Budget (A)  | Margin (A) |
+-----------+-------------+-----------+-------------+------------+-------------+-------------+------------+
| Vccint    |       1.000 |     0.027 |       0.017 |      0.010 |       NA    | Unspecified | NA         |
| Vccaux    |       1.800 |     0.075 |       0.063 |      0.013 |       NA    | Unspecified | NA         |
| Vcco33    |       3.300 |     0.016 |       0.015 |      0.001 |       NA    | Unspecified | NA         |
| Vcco25    |       2.500 |     0.000 |       0.000 |      0.000 |       NA    | Unspecified | NA         |
| Vcco18    |       1.800 |     0.000 |       0.000 |      0.000 |       NA    | Unspecified | NA         |
| Vcco15    |       1.500 |     0.000 |       0.000 |      0.000 |       NA    | Unspecified | NA         |
| Vcco135   |       1.350 |     0.000 |       0.000 |      0.000 |       NA    | Unspecified | NA         |
| Vcco12    |       1.200 |     0.000 |       0.000 |      0.000 |       NA    | Unspecified | NA         |
| Vccaux_io |       1.800 |     0.000 |       0.000 |      0.000 |       NA    | Unspecified | NA         |
| Vccbram   |       1.000 |     0.001 |       0.001 |      0.000 |       NA    | Unspecified | NA         |
| MGTAVcc   |       1.000 |     0.000 |       0.000 |      0.000 |       NA    | Unspecified | NA         |
| MGTAVtt   |       1.200 |     0.000 |       0.000 |      0.000 |       NA    | Unspecified | NA         |
| Vccadc    |       1.800 |     0.020 |       0.000 |      0.020 |       NA    | Unspecified | NA         |
+-----------+-------------+-----------+-------------+------------+-------------+-------------+------------+


1.3 Confidence Level
--------------------

+-----------------------------+------------+--------------------------------------------------------+------------------------------------------------------------------------------------------------------------+
| User Input Data             | Confidence | Details                                                | Action                                                                                                     |
+-----------------------------+------------+--------------------------------------------------------+------------------------------------------------------------------------------------------------------------+
| Design implementation state | High       | Design is routed                                       |                                                                                                            |
| Clock nodes activity        | High       | User specified more than 95% of clocks                 |                                                                                                            |
| I/O nodes activity          | Low        | More than 75% of inputs are missing user specification | Provide missing input activity with simulation results or by editing the "By Resource Type -> I/Os" view   |
| Internal nodes activity     | Medium     | User specified less than 25% of internal nodes         | Provide missing internal nodes activity with simulation results or by editing the "By Resource Type" views |
| Device models               | High       | Device models are Production                           |                                                                                                            |
|                             |            |                                                        |                                                                                                            |
| Overall confidence level    | Low        |                                                        |                                                                                                            |
+-----------------------------+------------+--------------------------------------------------------+------------------------------------------------------------------------------------------------------------+


2. Settings
-----------

2.1 Environment
---------------

+-----------------------+--------------------------+
| Ambient Temp (C)      | 25.0                     |
| ThetaJA (C/W)         | 4.8                      |
| Airflow (LFM)         | 250                      |
| Heat Sink             | medium (Medium Profile)  |
| ThetaSA (C/W)         | 4.6                      |
| Board Selection       | medium (10"x10")         |
| # of Board Layers     | 12to15 (12 to 15 Layers) |
| Board Temperature (C) | 25.0                     |
+-----------------------+--------------------------+


2.2 Clock Constraints
---------------------

+--------------------+--------------------------------------+-----------------+
| Clock              | Domain                               | Constraint (ns) |
+--------------------+--------------------------------------+-----------------+
| clk                | clk                                  |            20.0 |
| clk_out1_clk_wiz_1 | main_clk_pll/inst/clk_out1_clk_wiz_1 |            20.0 |
| clk_out2_clk_wiz_1 | main_clk_pll/inst/clk_out2_clk_wiz_1 |             6.1 |
| clk_out3_clk_wiz_1 | main_clk_pll/inst/clk_out3_clk_wiz_1 |            90.9 |
| clkfbout_clk_wiz_1 | main_clk_pll/inst/clkfbout_clk_wiz_1 |            20.0 |
+--------------------+--------------------------------------+-----------------+


3. Detailed Reports
-------------------

3.1 By Hierarchy
----------------

+------------------------+-----------+
| Name                   | Power (W) |
+------------------------+-----------+
| top_level              |     0.180 |
|   bram                 |     0.001 |
|     U0                 |     0.001 |
|       inst_blk_mem_gen |     0.001 |
|   dds_inst             |     0.008 |
|     sine_lut_inst      |     0.007 |
|   lcd_inst             |     0.003 |
|   main_clk_pll         |     0.110 |
|     inst               |     0.110 |
+------------------------+-----------+


