#-----------------------------------------------------------
# Vivado v2024.2.2 (64-bit)
# SW Build 6060944 on Thu Mar 06 19:10:01 MST 2025
# IP Build 6050500 on Thu Mar  6 23:33:39 MST 2025
# SharedData Build 6060542 on Thu Mar 06 10:31:07 MST 2025
# Start of session at: Fri Oct 17 11:31:33 2025
# Process ID         : 3328
# Current directory  : D:/Github/8080LCD/8080LCD.runs/impl_1
# Command line       : vivado.exe -log top_level.vdi -applog -product Vivado -messageDb vivado.pb -mode batch -source top_level.tcl -notrace
# Log file           : D:/Github/8080LCD/8080LCD.runs/impl_1/top_level.vdi
# Journal file       : D:/Github/8080LCD/8080LCD.runs/impl_1\vivado.jou
# Running On         : DESKTOP-H05VBGI
# Platform           : Windows Server 2016 or Windows 10
# Operating System   : 19045
# Processor Detail   : AMD A8-3850 APU with Radeon(tm) HD Graphics
# CPU Frequency      : 2900 MHz
# CPU Physical cores : 4
# CPU Logical cores  : 4
# Host memory        : 17156 MB
# Swap memory        : 2550 MB
# Total Virtual      : 19706 MB
# Available Virtual  : 11321 MB
#-----------------------------------------------------------
source top_level.tcl -notrace
